 ray

 Timestamp is 59085c7b (Tue May  2 18:16:27 2017)

 Preferred load address is 00400000

 Start         Length     Name                   Class
 0001:00000000 000001e0H .text$di                CODE
 0001:000001e0 0007ef50H .text$mn                CODE
 0001:0007f130 00003900H .text$x                 CODE
 0001:00082a30 00000139H .text$yd                CODE
 0002:00000000 00000760H .idata$5                DATA
 0002:00000760 00000004H .00cfg                  DATA
 0002:00000764 00000004H .CRT$XCA                DATA
 0002:00000768 00000004H .CRT$XCAA               DATA
 0002:0000076c 00000004H .CRT$XCL                DATA
 0002:00000770 0000002cH .CRT$XCU                DATA
 0002:0000079c 00000004H .CRT$XCZ                DATA
 0002:000007a0 00000004H .CRT$XIA                DATA
 0002:000007a4 00000004H .CRT$XIAA               DATA
 0002:000007a8 00000004H .CRT$XIAC               DATA
 0002:000007ac 00000004H .CRT$XIC                DATA
 0002:000007b0 00000004H .CRT$XIZ                DATA
 0002:000007b4 00000004H .CRT$XLA                DATA
 0002:000007b8 00000004H .CRT$XLZ                DATA
 0002:000007bc 00000004H .CRT$XPA                DATA
 0002:000007c0 00000004H .CRT$XPZ                DATA
 0002:000007c4 00000004H .CRT$XTA                DATA
 0002:000007c8 00000008H .CRT$XTZ                DATA
 0002:000007cc 00000000H .gfids$y                DATA
 0002:000007d0 000081d0H .rdata                  DATA
 0002:000089a0 00000018H .rdata$T                DATA
 0002:000089b8 00003164H .rdata$r                DATA
 0002:0000bb1c 000003c4H .rdata$zzzdbg           DATA
 0002:0000bee0 00000004H .rtc$IAA                DATA
 0002:0000bee4 00000004H .rtc$IZZ                DATA
 0002:0000bee8 00000004H .rtc$TAA                DATA
 0002:0000beec 00000004H .rtc$TZZ                DATA
 0002:0000bef0 00004024H .xdata$x                DATA
 0002:0000ff14 00000000H .edata                  DATA
 0002:0000ff14 000001b8H .idata$2                DATA
 0002:000100cc 00000014H .idata$3                DATA
 0002:000100e0 00000760H .idata$4                DATA
 0002:00010840 00002b96H .idata$6                DATA
 0003:00000000 00001e88H .data                   DATA
 0003:00001e88 00002008H .data$r                 DATA
 0003:00003e90 00005608H .bss                    DATA
 0004:00000000 00000004H .tls                    DATA
 0004:00000004 00000004H .tls$                   DATA
 0004:00000008 00000001H .tls$ZZZ                DATA
 0005:00000000 00000060H .rsrc$01                DATA
 0005:00000060 00000180H .rsrc$02                DATA

  Address         Publics by Value              Rva+Base       Lib:Object

 0000:00000000       ___guard_iat_count         00000000     <absolute>
 0000:00000000       ___guard_longjmp_count     00000000     <absolute>
 0000:00000000       ___guard_fids_table        00000000     <absolute>
 0000:00000000       ___guard_iat_table         00000000     <absolute>
 0000:00000000       ___guard_fids_count        00000000     <absolute>
 0000:00000000       ___safe_se_handler_count   00000000     <absolute>
 0000:00000000       ___safe_se_handler_table   00000000     <absolute>
 0000:00000000       ___guard_longjmp_table     00000000     <absolute>
 0000:00000000       ___dynamic_value_reloc_table 00000000     <absolute>
 0000:0000002c       __tls_array                0000002c     <absolute>
 0000:00000100       ___guard_flags             00000100     <absolute>
 0000:00000000       ___ImageBase               00400000     <linker-defined>
 0001:000001e0       ?GetOption@@YAHHPAPADPAD0@Z 004011e0 f   getopt.obj
 0001:000002c0       ?getopt@@YAHHPAPADPAD@Z    004012c0 f   getopt.obj
 0001:00000300       ??$__vcrt_va_start_verify_argument_type@QBD@@YAXXZ 00401300 f i main.obj
 0001:00000310       ??_H@YGXPAXIIP6EPAX0@Z@Z   00401310 f i main.obj
 0001:00000340       ?processArgs@@YA_NHPAPAD@Z 00401340 f   main.obj
 0001:00000430       ?usage@@YAXXZ              00401430 f   main.obj
 0001:00000450       ___local_stdio_printf_options 00401450 f i main.obj
 0001:00000460       _fprintf                   00401460 f i main.obj
 0001:00000490       _main                      00401490 f   main.obj
 0001:000006c0       ??$_Construct@V?$_Deque_const_iterator@V?$_Deque_val@U?$_Deque_simple_types@PBVMaterial@@@std@@@std@@@std@@@?$deque@PBVMaterial@@V?$allocator@PBVMaterial@@@std@@@std@@QAEXV?$_Deque_const_iterator@V?$_Deque_val@U?$_Deque_simple_types@PBVMaterial@@@std@@@std@@@1@0@Z 004016c0 f i RayTracer.obj
 0001:00000760       ??$_Copy_no_deprecate@V?$_Deque_const_iterator@V?$_Deque_val@U?$_Deque_simple_types@PBVMaterial@@@std@@@std@@@std@@V?$_Deque_iterator@V?$_Deque_val@U?$_Deque_simple_types@PBVMaterial@@@std@@@std@@@2@@std@@YA?AV?$_Deque_iterator@V?$_Deque_val@U?$_Deque_simple_types@PBVMaterial@@@std@@@std@@@0@V?$_Deque_const_iterator@V?$_Deque_val@U?$_Deque_simple_types@PBVMaterial@@@std@@@std@@@0@0V10@@Z 00401760 f i RayTracer.obj
 0001:00000810       ??$_Copy_unchecked1@V?$_Deque_unchecked_const_iterator@V?$_Deque_val@U?$_Deque_simple_types@PBVMaterial@@@std@@@std@@@std@@V?$_Deque_unchecked_iterator@V?$_Deque_val@U?$_Deque_simple_types@PBVMaterial@@@std@@@std@@@2@@std@@YA?AV?$_Deque_unchecked_iterator@V?$_Deque_val@U?$_Deque_simple_types@PBVMaterial@@@std@@@std@@@0@V?$_Deque_unchecked_const_iterator@V?$_Deque_val@U?$_Deque_simple_types@PBVMaterial@@@std@@@std@@@0@0V10@U_General_ptr_iterator_tag@0@@Z 00401810 f i RayTracer.obj
 0001:00000880       ??$_Move_backward_unchecked1@V?$_Deque_unchecked_iterator@V?$_Deque_val@U?$_Deque_simple_types@PBVMaterial@@@std@@@std@@@std@@V12@@std@@YA?AV?$_Deque_unchecked_iterator@V?$_Deque_val@U?$_Deque_simple_types@PBVMaterial@@@std@@@std@@@0@V10@00U_General_ptr_iterator_tag@0@@Z 00401880 f i RayTracer.obj
 0001:000008f0       ??$_Move_no_deprecate@V?$_Deque_iterator@V?$_Deque_val@U?$_Deque_simple_types@PBVMaterial@@@std@@@std@@@std@@V12@@std@@YA?AV?$_Deque_iterator@V?$_Deque_val@U?$_Deque_simple_types@PBVMaterial@@@std@@@std@@@0@V10@00@Z 004018f0 f i RayTracer.obj
 0001:000009a0       ??$_Move_unchecked1@V?$_Deque_unchecked_iterator@V?$_Deque_val@U?$_Deque_simple_types@PBVMaterial@@@std@@@std@@@std@@V12@@std@@YA?AV?$_Deque_unchecked_iterator@V?$_Deque_val@U?$_Deque_simple_types@PBVMaterial@@@std@@@std@@@0@V10@00U_General_ptr_iterator_tag@0@@Z 004019a0 f i RayTracer.obj
 0001:00000a10       ??$_Reverse_unchecked@V?$_Deque_unchecked_iterator@V?$_Deque_val@U?$_Deque_simple_types@PBVMaterial@@@std@@@std@@@std@@@std@@YAXV?$_Deque_unchecked_iterator@V?$_Deque_val@U?$_Deque_simple_types@PBVMaterial@@@std@@@std@@@0@0@Z 00401a10 f i RayTracer.obj
 0001:00000a80       ??$_Rotate_unchecked1@V?$_Deque_unchecked_iterator@V?$_Deque_val@U?$_Deque_simple_types@PBVMaterial@@@std@@@std@@@std@@@std@@YA?AV?$_Deque_unchecked_iterator@V?$_Deque_val@U?$_Deque_simple_types@PBVMaterial@@@std@@@std@@@0@V10@00Urandom_access_iterator_tag@0@@Z 00401a80 f i RayTracer.obj
 0001:00000af0       ??$copy@V?$_Deque_const_iterator@V?$_Deque_val@U?$_Deque_simple_types@PBVMaterial@@@std@@@std@@@std@@V?$_Deque_iterator@V?$_Deque_val@U?$_Deque_simple_types@PBVMaterial@@@std@@@std@@@2@@std@@YA?AV?$_Deque_iterator@V?$_Deque_val@U?$_Deque_simple_types@PBVMaterial@@@std@@@std@@@0@V?$_Deque_const_iterator@V?$_Deque_val@U?$_Deque_simple_types@PBVMaterial@@@std@@@std@@@0@0V10@@Z 00401af0 f i RayTracer.obj
 0001:00000b90       ??$emplace_back@ABQBVMaterial@@@?$deque@PBVMaterial@@V?$allocator@PBVMaterial@@@std@@@std@@QAEXABQBVMaterial@@@Z 00401b90 f i RayTracer.obj
 0001:00000c30       ??$insert@V?$_Deque_const_iterator@V?$_Deque_val@U?$_Deque_simple_types@PBVMaterial@@@std@@@std@@@std@@@?$deque@PBVMaterial@@V?$allocator@PBVMaterial@@@std@@@std@@QAE?AV?$_Deque_iterator@V?$_Deque_val@U?$_Deque_simple_types@PBVMaterial@@@std@@@std@@@1@V?$_Deque_const_iterator@V?$_Deque_val@U?$_Deque_simple_types@PBVMaterial@@@std@@@std@@@1@00@Z 00401c30 f i RayTracer.obj
 0001:00000e90       ??$move@V?$_Deque_iterator@V?$_Deque_val@U?$_Deque_simple_types@PBVMaterial@@@std@@@std@@@std@@V12@@std@@YA?AV?$_Deque_iterator@V?$_Deque_val@U?$_Deque_simple_types@PBVMaterial@@@std@@@std@@@0@V10@00@Z 00401e90 f i RayTracer.obj
 0001:00000f30       ??$move_backward@V?$_Deque_iterator@V?$_Deque_val@U?$_Deque_simple_types@PBVMaterial@@@std@@@std@@@std@@V12@@std@@YA?AV?$_Deque_iterator@V?$_Deque_val@U?$_Deque_simple_types@PBVMaterial@@@std@@@std@@@0@V10@00@Z 00401f30 f i RayTracer.obj
 0001:00000fe0       ??$rotate@V?$_Deque_iterator@V?$_Deque_val@U?$_Deque_simple_types@PBVMaterial@@@std@@@std@@@std@@@std@@YA?AV?$_Deque_iterator@V?$_Deque_val@U?$_Deque_simple_types@PBVMaterial@@@std@@@std@@@0@V10@00@Z 00401fe0 f i RayTracer.obj
 0001:000010a0       ??0?$deque@PBVMaterial@@V?$allocator@PBVMaterial@@@std@@@std@@QAE@ABV01@@Z 004020a0 f i RayTracer.obj
 0001:00001150       ??0RayTracer@@QAE@XZ       00402150 f   RayTracer.obj
 0001:00001180       ??0TraceSet@RayTracer@@QAE@XZ 00402180 f i RayTracer.obj
 0001:000011f0       ??0vec3f@@QAE@XZ           004021f0 f i RayTracer.obj
 0001:00001200       ??1?$_Deque_alloc@U?$_Deque_base_types@PBVMaterial@@V?$allocator@PBVMaterial@@@std@@@std@@@std@@QAE@XZ 00402200 f i RayTracer.obj
 0001:00001220       ??1?$basic_string@DU?$char_traits@D@std@@V?$allocator@D@2@@std@@QAE@XZ 00402220 f i RayTracer.obj
 0001:00001250       ??1?$deque@PBVMaterial@@V?$allocator@PBVMaterial@@@std@@@std@@QAE@XZ 00402250 f i RayTracer.obj
 0001:00001270       ??1Material@@UAE@XZ        00402270 f i RayTracer.obj
 0001:00001280       ??1RayTracer@@QAE@XZ       00402280 f   RayTracer.obj
 0001:000012a0       ??1TraceSet@RayTracer@@QAE@XZ 004022a0 f i RayTracer.obj
 0001:000012d0       ??1isect@@QAE@XZ           004022d0 f i RayTracer.obj
 0001:000012e0       ??4?$deque@PBVMaterial@@V?$allocator@PBVMaterial@@@std@@@std@@QAEAAV01@ABV01@@Z 004022e0 f i RayTracer.obj
 0001:000014a0       ??A?$deque@PBVMaterial@@V?$allocator@PBVMaterial@@@std@@@std@@QAEAAPBVMaterial@@I@Z 004024a0 f i RayTracer.obj
 0001:000014f0       ??H?$_Deque_const_iterator@V?$_Deque_val@U?$_Deque_simple_types@PBVMaterial@@@std@@@std@@@std@@QBE?AV01@H@Z 004024f0 f i RayTracer.obj
 0001:00001530       ??H?$_Deque_iterator@V?$_Deque_val@U?$_Deque_simple_types@PBVMaterial@@@std@@@std@@@std@@QBE?AV01@H@Z 00402530 f i RayTracer.obj
 0001:00001570       ??_EMaterial@@UAEPAXI@Z    00402570 f i RayTracer.obj
 0001:00001570       ??_GMaterial@@UAEPAXI@Z    00402570 f i RayTracer.obj
 0001:000015a0       ?GetFresnelCoeff@RayTracer@@ABENABUTraceSet@1@ABVisect@@@Z 004025a0 f   RayTracer.obj
 0001:000017d0       ?IsLeavingObject@RayTracer@@ABE_NABUTraceSet@1@ABVisect@@@Z 004027d0 f   RayTracer.obj
 0001:00001820       ?_Copy@?$basic_string@DU?$char_traits@D@std@@V?$allocator@D@2@@std@@QAEXI@Z 00402820 f i RayTracer.obj
 0001:00001920       ?_Deallocate@std@@YAXPAXII@Z 00402920 f i RayTracer.obj
 0001:00001990       ?_Growmap@?$deque@PBVMaterial@@V?$allocator@PBVMaterial@@@std@@@std@@IAEXI@Z 00402990 f i RayTracer.obj
 0001:00001ae0       ?_Make_iter@?$deque@PBVMaterial@@V?$allocator@PBVMaterial@@@std@@@std@@QBE?AV?$_Deque_iterator@V?$_Deque_val@U?$_Deque_simple_types@PBVMaterial@@@std@@@std@@@2@V?$_Deque_const_iterator@V?$_Deque_val@U?$_Deque_simple_types@PBVMaterial@@@std@@@std@@@2@@Z 00402ae0 f i RayTracer.obj
 0001:00001b10       ?_Tidy@?$deque@PBVMaterial@@V?$allocator@PBVMaterial@@@std@@@std@@IAEXXZ 00402b10 f i RayTracer.obj
 0001:00001bd0       ?_Xlen@?$basic_string@DU?$char_traits@D@std@@V?$allocator@D@2@@std@@SAXXZ 00402bd0 f i RayTracer.obj
 0001:00001be0       ?_Xlen@?$deque@PBVMaterial@@V?$allocator@PBVMaterial@@@std@@@std@@IBEXXZ 00402be0 f i RayTracer.obj
 0001:00001bf0       ?_Xran@?$basic_string@DU?$char_traits@D@std@@V?$allocator@D@2@@std@@SAXXZ 00402bf0 f i RayTracer.obj
 0001:00001c00       ?allocate@?$_Wrap_alloc@V?$allocator@D@std@@@std@@QAEPADI@Z 00402c00 f i RayTracer.obj
 0001:00001c60       ?allocate@?$allocator@PAPBVMaterial@@@std@@QAEPAPAPBVMaterial@@I@Z 00402c60 f i RayTracer.obj
 0001:00001cd0       ?aspectRatio@RayTracer@@QAENXZ 00402cd0 f   RayTracer.obj
 0001:00001d10       ?assign@?$basic_string@DU?$char_traits@D@std@@V?$allocator@D@2@@std@@QAEAAV12@ABV12@II@Z 00402d10 f i RayTracer.obj
 0001:00001e10       ?assign@?$basic_string@DU?$char_traits@D@std@@V?$allocator@D@2@@std@@QAEAAV12@QBDI@Z 00402e10 f i RayTracer.obj
 0001:00001ee0       ?begin@?$deque@PBVMaterial@@V?$allocator@PBVMaterial@@@std@@@std@@QAE?AV?$_Deque_iterator@V?$_Deque_val@U?$_Deque_simple_types@PBVMaterial@@@std@@@std@@@2@XZ 00402ee0 f i RayTracer.obj
 0001:00001f00       ?begin@?$deque@PBVMaterial@@V?$allocator@PBVMaterial@@@std@@@std@@QBE?AV?$_Deque_const_iterator@V?$_Deque_val@U?$_Deque_simple_types@PBVMaterial@@@std@@@std@@@2@XZ 00402f00 f i RayTracer.obj
 0001:00001f20       ?end@?$deque@PBVMaterial@@V?$allocator@PBVMaterial@@@std@@@std@@QAE?AV?$_Deque_iterator@V?$_Deque_val@U?$_Deque_simple_types@PBVMaterial@@@std@@@std@@@2@XZ 00402f20 f i RayTracer.obj
 0001:00001f40       ?end@?$deque@PBVMaterial@@V?$allocator@PBVMaterial@@@std@@@std@@QBE?AV?$_Deque_const_iterator@V?$_Deque_val@U?$_Deque_simple_types@PBVMaterial@@@std@@@std@@@2@XZ 00402f40 f i RayTracer.obj
 0001:00001f60       ?erase@?$basic_string@DU?$char_traits@D@std@@V?$allocator@D@2@@std@@QAEAAV12@II@Z 00402f60 f i RayTracer.obj
 0001:00002000       ?erase@?$deque@PBVMaterial@@V?$allocator@PBVMaterial@@@std@@@std@@QAE?AV?$_Deque_iterator@V?$_Deque_val@U?$_Deque_simple_types@PBVMaterial@@@std@@@std@@@2@V?$_Deque_const_iterator@V?$_Deque_val@U?$_Deque_simple_types@PBVMaterial@@@std@@@std@@@2@0@Z 00403000 f i RayTracer.obj
 0001:000021e0       ?getBuffer@RayTracer@@QAEXAAPAEAAH1@Z 004031e0 f   RayTracer.obj
 0001:00002200       ?getMsg@Exception@@QBE?AV?$basic_string@DU?$char_traits@D@std@@V?$allocator@D@2@@std@@XZ 00403200 f i RayTracer.obj
 0001:00002240       ?loadScene@RayTracer@@QAE_NPBD@Z 00403240 f   RayTracer.obj
 0001:00002380       ?pop_front@?$deque@PBVMaterial@@V?$allocator@PBVMaterial@@@std@@@std@@QAEXXZ 00403380 f i RayTracer.obj
 0001:000023a0       ?push_back@?$deque@PBVMaterial@@V?$allocator@PBVMaterial@@@std@@@std@@QAEXABQBVMaterial@@@Z 004033a0 f i RayTracer.obj
 0001:00002440       ?push_front@?$deque@PBVMaterial@@V?$allocator@PBVMaterial@@@std@@@std@@QAEX$$QAPBVMaterial@@@Z 00403440 f i RayTracer.obj
 0001:000024e0       ?push_front@?$deque@PBVMaterial@@V?$allocator@PBVMaterial@@@std@@@std@@QAEXABQBVMaterial@@@Z 004034e0 f i RayTracer.obj
 0001:00002580       ?sceneLoaded@RayTracer@@QAE_NXZ 00403580 f   RayTracer.obj
 0001:00002590       ?trace@RayTracer@@QAE?AVvec3f@@PAVScene@@NN@Z 00403590 f   RayTracer.obj
 0001:000027d0       ?traceLines@RayTracer@@QAEXHH@Z 004037d0 f   RayTracer.obj
 0001:00002ab0       ?tracePixel@RayTracer@@QAEXHH@Z 00403ab0 f   RayTracer.obj
 0001:00002d40       ?traceRay@RayTracer@@AAE?AVvec3f@@ABUTraceSet@1@@Z 00403d40 f   RayTracer.obj
 0001:00003180       ?traceReflection@RayTracer@@AAE?AVvec3f@@ABUTraceSet@1@ABUReflectionSet@1@@Z 00404180 f   RayTracer.obj
 0001:000036b0       ?traceRefraction@RayTracer@@AAE?AVvec3f@@ABUTraceSet@1@ABURefractionParam@1@@Z 004046b0 f   RayTracer.obj
 0001:00003bb0       ?traceSetup@RayTracer@@QAEXHH@Z 00404bb0 f   RayTracer.obj
 0001:00003c10       ??0TraceGLWindow@@QAE@HHHHPBD@Z 00404c10 f   TraceGLWindow.obj
 0001:00003c90       ??_EFl_Gl_Window@@UAEPAXI@Z 00404c90 f i TraceGLWindow.obj
 0001:00003c90       ??_GFl_Gl_Window@@UAEPAXI@Z 00404c90 f i TraceGLWindow.obj
 0001:00003cc0       ??_ETraceGLWindow@@UAEPAXI@Z 00404cc0 f i TraceGLWindow.obj
 0001:00003cc0       ??_GTraceGLWindow@@UAEPAXI@Z 00404cc0 f i TraceGLWindow.obj
 0001:00003cf0       ?as_gl_window@Fl_Gl_Window@@UAEPAV1@XZ 00404cf0 f i TraceGLWindow.obj
 0001:00003d00       ?as_group@Fl_Group@@UAEPAV1@XZ 00404d00 f i TraceGLWindow.obj
 0001:00003d10       ?as_window@Fl_Window@@UAEPAV1@XZ 00404d10 f i TraceGLWindow.obj
 0001:00003d20       ?draw@TraceGLWindow@@UAEXXZ 00404d20 f   TraceGLWindow.obj
 0001:00003e00       ?handle@TraceGLWindow@@UAEHH@Z 00404e00 f   TraceGLWindow.obj
 0001:00003e10       ?refresh@TraceGLWindow@@QAEXXZ 00404e10 f   TraceGLWindow.obj
 0001:00003e20       ?resizeWindow@TraceGLWindow@@QAEXHH@Z 00404e20 f   TraceGLWindow.obj
 0001:00003e50       ?saveImage@TraceGLWindow@@QAEXPAD@Z 00404e50 f   TraceGLWindow.obj
 0001:00003ea0       ?setRayTracer@TraceGLWindow@@QAEXPAVRayTracer@@@Z 00404ea0 f   TraceGLWindow.obj
 0001:00003eb0       ?cb_load_scene@TraceUI@@CAXPAVFl_Menu_@@PAX@Z 00404eb0 f   TraceUI.obj
 0001:00003f50       ?cb_save_image@TraceUI@@CAXPAVFl_Menu_@@PAX@Z 00404f50 f   TraceUI.obj
 0001:00003f90       ?cb_exit@TraceUI@@CAXPAVFl_Menu_@@PAX@Z 00404f90 f   TraceUI.obj
 0001:00003fc0       ?cb_about@TraceUI@@CAXPAVFl_Menu_@@PAX@Z 00404fc0 f   TraceUI.obj
 0001:00003fd0       ??$?0AAPAV_CancellationTokenState@details@Concurrency@@AAUscheduler_ptr@2@@?$_Ref_count_obj@U?$_Task_impl@E@details@Concurrency@@@std@@QAE@AAPAV_CancellationTokenState@details@Concurrency@@AAUscheduler_ptr@4@@Z 00404fd0 f i TraceUI.obj
 0001:00004070       ??$?0ABV?$_Fake_no_copy_callable_adapter@A6AXPAVTraceUI@@HHH@ZAAPAV1@HAAHAAH@std@@ABV?$allocator@H@1@@?$_Func_impl@V?$_Fake_no_copy_callable_adapter@A6AXPAVTraceUI@@HHH@ZAAPAV1@HAAHAAH@std@@V?$allocator@H@2@X$$V@std@@QAE@ABV?$_Fake_no_copy_callable_adapter@A6AXPAVTraceUI@@HHH@ZAAPAV1@HAAHAAH@1@ABV?$allocator@H@1@@Z 00405070 f i TraceUI.obj
 0001:000040b0       ??$?0ABV?$_Fake_no_copy_callable_adapter@A6AXPAVTraceUI@@HHH@ZAAPAV1@HHAAH@std@@ABV?$allocator@H@1@@?$_Func_impl@V?$_Fake_no_copy_callable_adapter@A6AXPAVTraceUI@@HHH@ZAAPAV1@HHAAH@std@@V?$allocator@H@2@X$$V@std@@QAE@ABV?$_Fake_no_copy_callable_adapter@A6AXPAVTraceUI@@HHH@ZAAPAV1@HHAAH@1@ABV?$allocator@H@1@@Z 004050b0 f i TraceUI.obj
 0001:000040f0       ??$?0ABV?$allocator@H@std@@ABV?$_Fake_no_copy_callable_adapter@A6AXPAVTraceUI@@HHH@ZAAPAV1@HAAHAAH@1@@?$_Compressed_pair@V?$allocator@H@std@@V?$_Fake_no_copy_callable_adapter@A6AXPAVTraceUI@@HHH@ZAAPAV1@HAAHAAH@2@$00@std@@QAE@U_One_then_variadic_args_t@1@ABV?$allocator@H@1@ABV?$_Fake_no_copy_callable_adapter@A6AXPAVTraceUI@@HHH@ZAAPAV1@HAAHAAH@1@@Z 004050f0 f i TraceUI.obj
 0001:00004110       ??$?0ABV?$allocator@H@std@@ABV?$_Fake_no_copy_callable_adapter@A6AXPAVTraceUI@@HHH@ZAAPAV1@HHAAH@1@@?$_Compressed_pair@V?$allocator@H@std@@V?$_Fake_no_copy_callable_adapter@A6AXPAVTraceUI@@HHH@ZAAPAV1@HHAAH@2@$00@std@@QAE@U_One_then_variadic_args_t@1@ABV?$allocator@H@1@ABV?$_Fake_no_copy_callable_adapter@A6AXPAVTraceUI@@HHH@ZAAPAV1@HHAAH@1@@Z 00405110 f i TraceUI.obj
 0001:00004130       ??$?0ABVexception_ptr@std@@V_TaskCreationCallstack@details@Concurrency@@@?$_Ref_count_obj@U_ExceptionHolder@details@Concurrency@@@std@@QAE@ABVexception_ptr@1@$$QAV_TaskCreationCallstack@details@Concurrency@@@Z 00405130 f i TraceUI.obj
 0001:00004810       ??$?0V?$_Fake_no_copy_callable_adapter@A6AXPAVTraceUI@@HHH@ZAAPAV1@HAAHAAH@std@@@?$_Packaged_state@$$A6AXXZ@std@@QAE@$$QAV?$_Fake_no_copy_callable_adapter@A6AXPAVTraceUI@@HHH@ZAAPAV1@HAAHAAH@1@@Z 00405810 f i TraceUI.obj
 0001:000048b0       ??$?0V?$_Fake_no_copy_callable_adapter@A6AXPAVTraceUI@@HHH@ZAAPAV1@HAAHAAH@std@@@?$_Task_async_state@X$00@std@@QAE@$$QAV?$_Fake_no_copy_callable_adapter@A6AXPAVTraceUI@@HHH@ZAAPAV1@HAAHAAH@1@@Z 004058b0 f i TraceUI.obj
 0001:00004970       ??$?0V?$_Fake_no_copy_callable_adapter@A6AXPAVTraceUI@@HHH@ZAAPAV1@HAAHAAH@std@@@?$_Task_async_state@X$0A@@std@@QAE@$$QAV?$_Fake_no_copy_callable_adapter@A6AXPAVTraceUI@@HHH@ZAAPAV1@HAAHAAH@1@@Z 00405970 f i TraceUI.obj
 0001:00004a30       ??$?0V?$_Fake_no_copy_callable_adapter@A6AXPAVTraceUI@@HHH@ZAAPAV1@HHAAH@std@@@?$_Packaged_state@$$A6AXXZ@std@@QAE@$$QAV?$_Fake_no_copy_callable_adapter@A6AXPAVTraceUI@@HHH@ZAAPAV1@HHAAH@1@@Z 00405a30 f i TraceUI.obj
 0001:00004ad0       ??$?0V?$_Fake_no_copy_callable_adapter@A6AXPAVTraceUI@@HHH@ZAAPAV1@HHAAH@std@@@?$_Task_async_state@X$00@std@@QAE@$$QAV?$_Fake_no_copy_callable_adapter@A6AXPAVTraceUI@@HHH@ZAAPAV1@HHAAH@1@@Z 00405ad0 f i TraceUI.obj
 0001:00004b90       ??$?0V?$_Fake_no_copy_callable_adapter@A6AXPAVTraceUI@@HHH@ZAAPAV1@HHAAH@std@@@?$_Task_async_state@X$0A@@std@@QAE@$$QAV?$_Fake_no_copy_callable_adapter@A6AXPAVTraceUI@@HHH@ZAAPAV1@HHAAH@1@@Z 00405b90 f i TraceUI.obj
 0001:00004c50       ??$?8U_Task_impl_base@details@Concurrency@@@std@@YA_NABV?$shared_ptr@U_Task_impl_base@details@Concurrency@@@0@$$T@Z 00405c50 f i TraceUI.obj
 0001:00004c60       ??$?9U_Task_impl_base@details@Concurrency@@@std@@YA_NABV?$shared_ptr@U_Task_impl_base@details@Concurrency@@@0@$$T@Z 00405c60 f i TraceUI.obj
 0001:00004c70       ??$_Assign_range@PAPAX@?$vector@PAXV?$allocator@PAX@std@@@std@@AAEXPAPAX0Uforward_iterator_tag@1@@Z 00405c70 f i TraceUI.obj
 0001:00004e10       ??$_Destroy_range1@V?$allocator@V?$future@X@std@@@std@@PAV?$future@X@2@@std@@YAXPAV?$future@X@0@0AAU?$_Wrap_alloc@V?$allocator@V?$future@X@std@@@std@@@0@U?$integral_constant@_N$0A@@0@@Z 00405e10 f i TraceUI.obj
 0001:00004e90       ??$_Get_associated_state@XV?$_Fake_no_copy_callable_adapter@A6AXPAVTraceUI@@HHH@ZAAPAV1@HAAHAAH@std@@@std@@YAPAV?$_Associated_state@H@0@W4launch@0@$$QAV?$_Fake_no_copy_callable_adapter@A6AXPAVTraceUI@@HHH@ZAAPAV1@HAAHAAH@0@@Z 00405e90 f i TraceUI.obj
 0001:00004fa0       ??$_Get_associated_state@XV?$_Fake_no_copy_callable_adapter@A6AXPAVTraceUI@@HHH@ZAAPAV1@HHAAH@std@@@std@@YAPAV?$_Associated_state@H@0@W4launch@0@$$QAV?$_Fake_no_copy_callable_adapter@A6AXPAVTraceUI@@HHH@ZAAPAV1@HHAAH@0@@Z 00405fa0 f i TraceUI.obj
 0001:000050b0       ??$_Immortalize@V_Future_error_category@std@@@std@@YAAAV_Future_error_category@0@XZ 004060b0 f i TraceUI.obj
 0001:00005120       ??$_Immortalize@V_Generic_error_category@std@@@std@@YAAAV_Generic_error_category@0@XZ 00406120 f i TraceUI.obj
 0001:000056c0       ??$_To_xtime@_JU?$ratio@$00$0DOI@@std@@@std@@YA?AUxtime@@ABV?$duration@_JU?$ratio@$00$0DOI@@std@@@chrono@0@@Z 004066c0 f i TraceUI.obj
 0001:00005760       ??$_Unfancy@V?$future@X@std@@@std@@YAPAV?$future@X@0@PAV10@@Z 00406760 f i TraceUI.obj
 0001:00005770       ??$_Uninitialized_move_al_unchecked@PAV?$future@X@std@@PAV12@V?$allocator@V?$future@X@std@@@2@@std@@YAPAV?$future@X@0@PAV10@00AAU?$_Wrap_alloc@V?$allocator@V?$future@X@std@@@std@@@0@U_General_ptr_iterator_tag@0@U_Any_tag@0@@Z 00406770 f i TraceUI.obj
 0001:000057e0       ??$_Wait_for@_JU?$ratio@$00$0DOI@@std@@@?$_Associated_state@H@std@@QAE?AW4future_status@1@ABV?$duration@_JU?$ratio@$00$0DOI@@std@@@chrono@1@@Z 004067e0 f i TraceUI.obj
 0001:000058d0       ??$_Wait_until1@U_Test_ready@?$_Associated_state@H@std@@@condition_variable@std@@QAE_NAAV?$unique_lock@Vmutex@std@@@1@PBUxtime@@AAU_Test_ready@?$_Associated_state@H@1@@Z 004068d0 f i TraceUI.obj
 0001:00005960       ??$async@A6AXPAVTraceUI@@HHH@ZAAPAV1@HAAHAAH@std@@YA?AV?$future@X@0@W4launch@0@A6AXPAVTraceUI@@HHH@ZAAPAV3@$$QAHAAH5@Z 00406960 f i TraceUI.obj
 0001:00005a60       ??$async@A6AXPAVTraceUI@@HHH@ZAAPAV1@HHAAH@std@@YA?AV?$future@X@0@W4launch@0@A6AXPAVTraceUI@@HHH@ZAAPAV3@$$QAH4AAH@Z 00406a60 f i TraceUI.obj
 0001:00005b60       ??$atomic_compare_exchange@J@details@Concurrency@@YAJAAU?$atomic@J@std@@JJ@Z 00406b60 f i TraceUI.obj
 0001:00005b80       ??$atomic_exchange@J@details@Concurrency@@YAJAAU?$atomic@J@std@@J@Z 00406b80 f i TraceUI.obj
 0001:00005e90       ??$destroy@V?$future@X@std@@@?$_Wrap_alloc@V?$allocator@V?$future@X@std@@@std@@@std@@QAEXPAV?$future@X@1@@Z 00406e90 f i TraceUI.obj
 0001:00005f10       ??$emplace_back@V?$future@X@std@@@?$vector@V?$future@X@std@@V?$allocator@V?$future@X@std@@@2@@std@@QAEX$$QAV?$future@X@1@@Z 00406f10 f i TraceUI.obj
 0001:000060b0       ??$forward@ABV?$_Fake_no_copy_callable_adapter@A6AXPAVTraceUI@@HHH@ZAAPAV1@HAAHAAH@std@@@std@@YAABV?$_Fake_no_copy_callable_adapter@A6AXPAVTraceUI@@HHH@ZAAPAV1@HAAHAAH@0@ABV10@@Z 004070b0 f i TraceUI.obj
 0001:000060c0       ??$forward@ABV?$_Fake_no_copy_callable_adapter@A6AXPAVTraceUI@@HHH@ZAAPAV1@HHAAH@std@@@std@@YAABV?$_Fake_no_copy_callable_adapter@A6AXPAVTraceUI@@HHH@ZAAPAV1@HHAAH@0@ABV10@@Z 004070c0 f i TraceUI.obj
 0001:000060d0       ??$forward@ABV?$allocator@H@std@@@std@@YAABV?$allocator@H@0@ABV10@@Z 004070d0 f i TraceUI.obj
 0001:000060e0       ??$make_shared@U?$_Task_impl@E@details@Concurrency@@AAPAV_CancellationTokenState@23@AAUscheduler_ptr@3@@std@@YA?AV?$shared_ptr@U?$_Task_impl@E@details@Concurrency@@@0@AAPAV_CancellationTokenState@details@Concurrency@@AAUscheduler_ptr@4@@Z 004070e0 f i TraceUI.obj
 0001:00006140       ??$make_shared@U_ExceptionHolder@details@Concurrency@@ABVexception_ptr@std@@V_TaskCreationCallstack@23@@std@@YA?AV?$shared_ptr@U_ExceptionHolder@details@Concurrency@@@0@ABVexception_ptr@0@$$QAV_TaskCreationCallstack@details@Concurrency@@@Z 00407140 f i TraceUI.obj
 0001:000061c0       ??$move@AAV?$tuple@P6AXPAVTraceUI@@HHH@ZPAV1@HHH@std@@@std@@YA$$QAV?$tuple@P6AXPAVTraceUI@@HHH@ZPAV1@HHH@0@AAV10@@Z 004071c0 f i TraceUI.obj
 0001:000063b0       ??0?$_Fake_no_copy_callable_adapter@A6AXPAVTraceUI@@HHH@ZAAPAV1@HAAHAAH@std@@QAE@ABV01@@Z 004073b0 f i TraceUI.obj
 0001:000063d0       ??0?$_Fake_no_copy_callable_adapter@A6AXPAVTraceUI@@HHH@ZAAPAV1@HHAAH@std@@QAE@ABV01@@Z 004073d0 f i TraceUI.obj
 0001:000063f0       ??0?$_Func_base@X$$V@std@@QAE@XZ 004073f0 f i TraceUI.obj
 0001:000065c0       ??0?$shared_ptr@Uscheduler_interface@Concurrency@@@std@@QAE@ABV01@@Z 004075c0 f i TraceUI.obj
 0001:00006630       ??0?$tuple@P6AXPAVTraceUI@@HHH@ZPAV1@HHH@std@@QAE@$$QAV01@@Z 00407630 f i TraceUI.obj
 0001:00006660       ??0?$vector@PAXV?$allocator@PAX@std@@@std@@QAE@ABV01@@Z 00407660 f i TraceUI.obj
 0001:000066f0       ??0TraceUI@@QAE@XZ         004076f0 f   TraceUI.obj
 0001:000072b0       ??0_System_error@std@@IAE@Verror_code@1@ABV?$basic_string@DU?$char_traits@D@std@@V?$allocator@D@2@@1@@Z 004082b0 f i TraceUI.obj
 0001:00007370       ??0_System_error@std@@QAE@ABV01@@Z 00408370 f i TraceUI.obj
 0001:000073c0       ??0_TaskCollectionBaseImpl@details@Concurrency@@QAE@Uscheduler_ptr@2@@Z 004083c0 f i TraceUI.obj
 0001:00007440       ??0_Task_impl_base@details@Concurrency@@QAE@PAV_CancellationTokenState@12@Uscheduler_ptr@2@@Z 00408440 f i TraceUI.obj
 0001:00007520       ??0exception@std@@QAE@ABV01@@Z 00408520 f i TraceUI.obj
 0001:00007550       ??0exception_ptr@std@@QAE@ABV01@@Z 00408550 f i TraceUI.obj
 0001:00007570       ??0invalid_operation@Concurrency@@QAE@ABV01@@Z 00408570 f i TraceUI.obj
 0001:000075b0       ??0invalid_operation@Concurrency@@QAE@PBD@Z 004085b0 f i TraceUI.obj
 0001:000075f0       ??0runtime_error@std@@QAE@ABV01@@Z 004085f0 f i TraceUI.obj
 0001:00007630       ??0runtime_error@std@@QAE@PBD@Z 00408630 f i TraceUI.obj
 0001:00007680       ??0scheduler_ptr@Concurrency@@QAE@ABU01@@Z 00408680 f i TraceUI.obj
 0001:000076f0       ??0system_error@std@@QAE@ABV01@@Z 004086f0 f i TraceUI.obj
 0001:00007740       ??0system_error@std@@QAE@Verror_code@1@@Z 00408740 f i TraceUI.obj
 0001:000077f0       ??0task_options@Concurrency@@QAE@XZ 004087f0 f i TraceUI.obj
 0001:000078e0       ??1?$_Associated_state@H@std@@UAE@XZ 004088e0 f i TraceUI.obj
 0001:00007960       ??1?$_Func_base@E$$V@std@@QAE@XZ 00408960 f i TraceUI.obj
 0001:00007970       ??1?$_Func_class@E$$V@std@@QAE@XZ 00408970 f i TraceUI.obj
 0001:000079a0       ??1?$_Func_class@X$$V@std@@QAE@XZ 004089a0 f i TraceUI.obj
 0001:00007e10       ??1?$_Packaged_state@$$A6AXXZ@std@@UAE@XZ 00408e10 f i TraceUI.obj
 0001:00007eb0       ??1?$_Promise@H@std@@QAE@XZ 00408eb0 f i TraceUI.obj
 0001:00007f20       ??1?$_Task_async_state@X$00@std@@UAE@XZ 00408f20 f i TraceUI.obj
 0001:00007fb0       ??1?$_Task_async_state@X$0A@@std@@UAE@XZ 00408fb0 f i TraceUI.obj
 0001:00008030       ??1?$_Task_impl@E@details@Concurrency@@UAE@XZ 00409030 f i TraceUI.obj
 0001:000080d0       ??1?$function@$$A6AEXZ@std@@QAE@XZ 004090d0 f i TraceUI.obj
 0001:00008100       ??1?$function@$$A6AXXZ@std@@QAE@XZ 00409100 f i TraceUI.obj
 0001:00008130       ??1?$future@X@std@@QAE@XZ  00409130 f i TraceUI.obj
 0001:000081a0       ??1?$lock_guard@Vmutex@std@@@std@@QAE@XZ 004091a0 f i TraceUI.obj
 0001:000081f0       ??1?$shared_ptr@U_ExceptionHolder@details@Concurrency@@@std@@QAE@XZ 004091f0 f i TraceUI.obj
 0001:00008220       ??1?$shared_ptr@U_Task_impl_base@details@Concurrency@@@std@@QAE@XZ 00409220 f i TraceUI.obj
 0001:00008250       ??1?$shared_ptr@Uscheduler_interface@Concurrency@@@std@@QAE@XZ 00409250 f i TraceUI.obj
 0001:00008280       ??1?$task@E@Concurrency@@QAE@XZ 00409280 f i TraceUI.obj
 0001:000082b0       ??1?$task@X@Concurrency@@QAE@XZ 004092b0 f i TraceUI.obj
 0001:000082e0       ??1?$unique_lock@Vmutex@std@@@std@@QAE@XZ 004092e0 f i TraceUI.obj
 0001:00008330       ??1?$unique_ptr@U_TaskProcHandle@details@Concurrency@@U?$default_delete@U_TaskProcHandle@details@Concurrency@@@std@@@std@@QAE@XZ 00409330 f i TraceUI.obj
 0001:00008340       ??1?$unique_ptr@V_PPLTaskChore@_DefaultPPLTaskScheduler@details@Concurrency@@U?$default_delete@V_PPLTaskChore@_DefaultPPLTaskScheduler@details@Concurrency@@@std@@@std@@QAE@XZ 00409340 f i TraceUI.obj
 0001:000083a0       ??1?$vector@V?$future@X@std@@V?$allocator@V?$future@X@std@@@2@@std@@QAE@XZ 004093a0 f i TraceUI.obj
 0001:00008420       ??1?$weak_ptr@U_Task_impl_base@details@Concurrency@@@std@@QAE@XZ 00409420 f i TraceUI.obj
 0001:00008440       ??1_CancellationTokenRegistration@details@Concurrency@@MAE@XZ 00409440 f i TraceUI.obj
 0001:00008470       ??1_ContextCallback@details@Concurrency@@QAE@XZ 00409470 f i TraceUI.obj
 0001:000084b0       ??1_ExceptionHolder@details@Concurrency@@QAE@XZ 004094b0 f i TraceUI.obj
 0001:00008540       ??1_Holder@_TaskProcThunk@details@Concurrency@@QAE@XZ 00409540 f i TraceUI.obj
 0001:00008570       ??1_RefCounter@details@Concurrency@@UAE@XZ 00409570 f i TraceUI.obj
 0001:00008580       ??1_Ref_count_base@std@@UAE@XZ 00409580 f i TraceUI.obj
 0001:00008590       ??1_TaskCreationCallstack@details@Concurrency@@QAE@XZ 00409590 f i TraceUI.obj
 0001:000085d0       ??1_TaskProcHandle@details@Concurrency@@UAE@XZ 004095d0 f i TraceUI.obj
 0001:000085e0       ??1_TaskWorkItemRAIILogger@details@Concurrency@@QAE@XZ 004095e0 f i TraceUI.obj
 0001:00008620       ??1_Task_impl_base@details@Concurrency@@UAE@XZ 00409620 f i TraceUI.obj
 0001:00008730       ??1cancellation_token@Concurrency@@QAE@XZ 00409730 f i TraceUI.obj
 0001:00008790       ??1error_category@std@@UAE@XZ 00409790 f i TraceUI.obj
 0001:000087a0       ??1exception@std@@UAE@XZ   004097a0 f i TraceUI.obj
 0001:000087c0       ??1exception_ptr@std@@QAE@XZ 004097c0 f i TraceUI.obj
 0001:000087d0       ??1invalid_operation@Concurrency@@UAE@XZ 004097d0 f i TraceUI.obj
 0001:000087f0       ??1runtime_error@std@@UAE@XZ 004097f0 f i TraceUI.obj
 0001:00008810       ??1scheduler_ptr@Concurrency@@QAE@XZ 00409810 f i TraceUI.obj
 0001:00008840       ??1system_error@std@@UAE@XZ 00409840 f i TraceUI.obj
 0001:00008860       ??1task_options@Concurrency@@QAE@XZ 00409860 f i TraceUI.obj
 0001:00008930       ??3@YAXPAX0@Z              00409930 f i TraceUI.obj
 0001:00008940       ??4?$shared_ptr@U_ExceptionHolder@details@Concurrency@@@std@@QAEAAV01@ABV01@@Z 00409940 f i TraceUI.obj
 0001:000089a0       ??4?$task@E@Concurrency@@QAEAAV01@$$QAV01@@Z 004099a0 f i TraceUI.obj
 0001:00008a10       ??C?$shared_ptr@U_ExceptionHolder@details@Concurrency@@@std@@QBEPAU_ExceptionHolder@details@Concurrency@@XZ 00409a10 f i TraceUI.obj
 0001:00008b80       ??_E?$_Associated_state@H@std@@UAEPAXI@Z 00409b80 f i TraceUI.obj
 0001:00008b80       ??_G?$_Associated_state@H@std@@UAEPAXI@Z 00409b80 f i TraceUI.obj
 0001:00008c10       ??_E?$_CancellationTokenCallback@V<lambda_3b8ab8d2629adf61a42ee3fe177a046b>@@@details@Concurrency@@UAEPAXI@Z 00409c10 f i TraceUI.obj
 0001:00008c10       ??_G?$_CancellationTokenCallback@V<lambda_3b8ab8d2629adf61a42ee3fe177a046b>@@@details@Concurrency@@UAEPAXI@Z 00409c10 f i TraceUI.obj
 0001:00008c70       ??_G?$_Deferred_async_state@X@std@@UAEPAXI@Z 00409c70 f i TraceUI.obj
 0001:00008c70       ??_E?$_Deferred_async_state@X@std@@UAEPAXI@Z 00409c70 f i TraceUI.obj
 0001:00008ca0       ??_G?$_InitialTaskHandle@XV<lambda_042c6af70ca74ab46830ae50c8c14c9e>@@U_TypeSelectorNoAsync@details@Concurrency@@@?$task@E@Concurrency@@UAEPAXI@Z 00409ca0 f i TraceUI.obj
 0001:00008ca0       ??_E?$_InitialTaskHandle@XV<lambda_042c6af70ca74ab46830ae50c8c14c9e>@@U_TypeSelectorNoAsync@details@Concurrency@@@?$task@E@Concurrency@@UAEPAXI@Z 00409ca0 f i TraceUI.obj
 0001:00008d40       ??_G?$_InitialTaskHandle@XV<lambda_0ebde0502725cf61f7686a2917d1749f>@@U_TypeSelectorNoAsync@details@Concurrency@@@?$task@E@Concurrency@@UAEPAXI@Z 00409d40 f i TraceUI.obj
 0001:00008d40       ??_E?$_InitialTaskHandle@XV<lambda_0ebde0502725cf61f7686a2917d1749f>@@U_TypeSelectorNoAsync@details@Concurrency@@@?$task@E@Concurrency@@UAEPAXI@Z 00409d40 f i TraceUI.obj
 0001:00008de0       ??_E?$_InitialTaskHandle@XV<lambda_483208dc91e150c0c9b495b53fd62158>@@U_TypeSelectorNoAsync@details@Concurrency@@@?$task@E@Concurrency@@UAEPAXI@Z 00409de0 f i TraceUI.obj
 0001:00008de0       ??_G?$_InitialTaskHandle@XV<lambda_483208dc91e150c0c9b495b53fd62158>@@U_TypeSelectorNoAsync@details@Concurrency@@@?$task@E@Concurrency@@UAEPAXI@Z 00409de0 f i TraceUI.obj
 0001:00008e80       ??_G?$_InitialTaskHandle@XV<lambda_855a1ef4dbee54ab7f2f1e055b9bdfad>@@U_TypeSelectorNoAsync@details@Concurrency@@@?$task@E@Concurrency@@UAEPAXI@Z 00409e80 f i TraceUI.obj
 0001:00008e80       ??_E?$_InitialTaskHandle@XV<lambda_855a1ef4dbee54ab7f2f1e055b9bdfad>@@U_TypeSelectorNoAsync@details@Concurrency@@@?$task@E@Concurrency@@UAEPAXI@Z 00409e80 f i TraceUI.obj
 0001:00008f20       ??_E?$_PPLTaskHandle@EU?$_InitialTaskHandle@XV<lambda_042c6af70ca74ab46830ae50c8c14c9e>@@U_TypeSelectorNoAsync@details@Concurrency@@@?$task@E@Concurrency@@U_TaskProcHandle@details@3@@details@Concurrency@@UAEPAXI@Z 00409f20 f i TraceUI.obj
 0001:00008f20       ??_G?$_PPLTaskHandle@EU?$_InitialTaskHandle@XV<lambda_042c6af70ca74ab46830ae50c8c14c9e>@@U_TypeSelectorNoAsync@details@Concurrency@@@?$task@E@Concurrency@@U_TaskProcHandle@details@3@@details@Concurrency@@UAEPAXI@Z 00409f20 f i TraceUI.obj
 0001:00008fc0       ??_E?$_PPLTaskHandle@EU?$_InitialTaskHandle@XV<lambda_0ebde0502725cf61f7686a2917d1749f>@@U_TypeSelectorNoAsync@details@Concurrency@@@?$task@E@Concurrency@@U_TaskProcHandle@details@3@@details@Concurrency@@UAEPAXI@Z 00409fc0 f i TraceUI.obj
 0001:00008fc0       ??_G?$_PPLTaskHandle@EU?$_InitialTaskHandle@XV<lambda_0ebde0502725cf61f7686a2917d1749f>@@U_TypeSelectorNoAsync@details@Concurrency@@@?$task@E@Concurrency@@U_TaskProcHandle@details@3@@details@Concurrency@@UAEPAXI@Z 00409fc0 f i TraceUI.obj
 0001:00009060       ??_E?$_PPLTaskHandle@EU?$_InitialTaskHandle@XV<lambda_483208dc91e150c0c9b495b53fd62158>@@U_TypeSelectorNoAsync@details@Concurrency@@@?$task@E@Concurrency@@U_TaskProcHandle@details@3@@details@Concurrency@@UAEPAXI@Z 0040a060 f i TraceUI.obj
 0001:00009060       ??_G?$_PPLTaskHandle@EU?$_InitialTaskHandle@XV<lambda_483208dc91e150c0c9b495b53fd62158>@@U_TypeSelectorNoAsync@details@Concurrency@@@?$task@E@Concurrency@@U_TaskProcHandle@details@3@@details@Concurrency@@UAEPAXI@Z 0040a060 f i TraceUI.obj
 0001:00009100       ??_G?$_PPLTaskHandle@EU?$_InitialTaskHandle@XV<lambda_855a1ef4dbee54ab7f2f1e055b9bdfad>@@U_TypeSelectorNoAsync@details@Concurrency@@@?$task@E@Concurrency@@U_TaskProcHandle@details@3@@details@Concurrency@@UAEPAXI@Z 0040a100 f i TraceUI.obj
 0001:00009100       ??_E?$_PPLTaskHandle@EU?$_InitialTaskHandle@XV<lambda_855a1ef4dbee54ab7f2f1e055b9bdfad>@@U_TypeSelectorNoAsync@details@Concurrency@@@?$task@E@Concurrency@@U_TaskProcHandle@details@3@@details@Concurrency@@UAEPAXI@Z 0040a100 f i TraceUI.obj
 0001:000091a0       ??_E?$_Packaged_state@$$A6AXXZ@std@@UAEPAXI@Z 0040a1a0 f i TraceUI.obj
 0001:000091a0       ??_G?$_Packaged_state@$$A6AXXZ@std@@UAEPAXI@Z 0040a1a0 f i TraceUI.obj
 0001:000091d0       ??_G?$_Ref_count_obj@U?$_Task_impl@E@details@Concurrency@@@std@@UAEPAXI@Z 0040a1d0 f i TraceUI.obj
 0001:000091d0       ??_E?$_Ref_count_obj@U?$_Task_impl@E@details@Concurrency@@@std@@UAEPAXI@Z 0040a1d0 f i TraceUI.obj
 0001:00009200       ??_G?$_Ref_count_obj@U_ExceptionHolder@details@Concurrency@@@std@@UAEPAXI@Z 0040a200 f i TraceUI.obj
 0001:00009200       ??_E?$_Ref_count_obj@U_ExceptionHolder@details@Concurrency@@@std@@UAEPAXI@Z 0040a200 f i TraceUI.obj
 0001:00009230       ??_E?$_Task_async_state@X$00@std@@UAEPAXI@Z 0040a230 f i TraceUI.obj
 0001:00009230       ??_G?$_Task_async_state@X$00@std@@UAEPAXI@Z 0040a230 f i TraceUI.obj
 0001:00009260       ??_G?$_Task_async_state@X$0A@@std@@UAEPAXI@Z 0040a260 f i TraceUI.obj
 0001:00009260       ??_E?$_Task_async_state@X$0A@@std@@UAEPAXI@Z 0040a260 f i TraceUI.obj
 0001:00009300       ??_E?$_Task_impl@E@details@Concurrency@@UAEPAXI@Z 0040a300 f i TraceUI.obj
 0001:00009300       ??_G?$_Task_impl@E@details@Concurrency@@UAEPAXI@Z 0040a300 f i TraceUI.obj
 0001:00009330       ??_E_CancellationTokenRegistration@details@Concurrency@@MAEPAXI@Z 0040a330 f i TraceUI.obj
 0001:00009330       ??_G_CancellationTokenRegistration@details@Concurrency@@MAEPAXI@Z 0040a330 f i TraceUI.obj
 0001:00009380       ??_E_Future_error_category@std@@UAEPAXI@Z 0040a380 f i TraceUI.obj
 0001:00009380       ??_G_Future_error_category@std@@UAEPAXI@Z 0040a380 f i TraceUI.obj
 0001:000093b0       ??_G_Generic_error_category@std@@UAEPAXI@Z 0040a3b0 f i TraceUI.obj
 0001:000093b0       ??_E_Generic_error_category@std@@UAEPAXI@Z 0040a3b0 f i TraceUI.obj
 0001:000093e0       ??_G_PPLTaskChore@_DefaultPPLTaskScheduler@details@Concurrency@@QAEPAXI@Z 0040a3e0 f i TraceUI.obj
 0001:00009440       ??_E_RefCounter@details@Concurrency@@UAEPAXI@Z 0040a440 f i TraceUI.obj
 0001:00009440       ??_G_RefCounter@details@Concurrency@@UAEPAXI@Z 0040a440 f i TraceUI.obj
 0001:00009470       ??_E_Ref_count_base@std@@UAEPAXI@Z 0040a470 f i TraceUI.obj
 0001:00009470       ??_G_Ref_count_base@std@@UAEPAXI@Z 0040a470 f i TraceUI.obj
 0001:000094a0       ??_G_System_error@std@@UAEPAXI@Z 0040a4a0 f i TraceUI.obj
 0001:000094a0       ??_E_System_error@std@@UAEPAXI@Z 0040a4a0 f i TraceUI.obj
 0001:000094e0       ??_E_TaskProcHandle@details@Concurrency@@UAEPAXI@Z 0040a4e0 f i TraceUI.obj
 0001:000094e0       ??_G_TaskProcHandle@details@Concurrency@@UAEPAXI@Z 0040a4e0 f i TraceUI.obj
 0001:00009510       ??_G_Task_impl_base@details@Concurrency@@UAEPAXI@Z 0040a510 f i TraceUI.obj
 0001:00009510       ??_E_Task_impl_base@details@Concurrency@@UAEPAXI@Z 0040a510 f i TraceUI.obj
 0001:00009540       ??_Eerror_category@std@@UAEPAXI@Z 0040a540 f i TraceUI.obj
 0001:00009540       ??_Gerror_category@std@@UAEPAXI@Z 0040a540 f i TraceUI.obj
 0001:00009570       ??_Gexception@std@@UAEPAXI@Z 0040a570 f i TraceUI.obj
 0001:00009570       ??_Eexception@std@@UAEPAXI@Z 0040a570 f i TraceUI.obj
 0001:000095b0       ??_Einvalid_operation@Concurrency@@UAEPAXI@Z 0040a5b0 f i TraceUI.obj
 0001:000095b0       ??_Ginvalid_operation@Concurrency@@UAEPAXI@Z 0040a5b0 f i TraceUI.obj
 0001:000095f0       ??_Gruntime_error@std@@UAEPAXI@Z 0040a5f0 f i TraceUI.obj
 0001:000095f0       ??_Eruntime_error@std@@UAEPAXI@Z 0040a5f0 f i TraceUI.obj
 0001:00009630       ??_Gsystem_error@std@@UAEPAXI@Z 0040a630 f i TraceUI.obj
 0001:00009630       ??_Esystem_error@std@@UAEPAXI@Z 0040a630 f i TraceUI.obj
 0001:00009670       ?RenderWorker@TraceUI@@CAXPAV1@HHH@Z 0040a670 f   TraceUI.obj
 0001:000096c0       ?WaitUntilStateChangedTo@_TaskCollectionBaseImpl@details@Concurrency@@IAEXW4_TaskCollectionState@123@@Z 0040a6c0 f i TraceUI.obj
 0001:00009770       ?_Bridge@_TaskProcThunk@details@Concurrency@@SAXPAX@Z 0040a770 f i TraceUI.obj
 0001:000097f0       ?_Buy@?$vector@PAXV?$allocator@PAX@std@@@std@@AAE_NI@Z 0040a7f0 f i TraceUI.obj
 0001:00009850       ?_CallInContext@_ContextCallback@details@Concurrency@@QBEXV?$function@$$A6AXXZ@std@@@Z 0040a850 f i TraceUI.obj
 0001:000098e0       ?_Call_immediate@?$_Packaged_state@$$A6AXXZ@std@@QAEXXZ 0040a8e0 f i TraceUI.obj
 0001:00009970       ?_Callback@_PPLTaskChore@_DefaultPPLTaskScheduler@details@Concurrency@@CAXPAX@Z 0040a970 f i TraceUI.obj
 0001:000099e0       ?_CancelAndRunContinuations@?$_Task_impl@E@details@Concurrency@@UAE_N_N00ABV?$shared_ptr@U_ExceptionHolder@details@Concurrency@@@std@@@Z 0040a9e0 f i TraceUI.obj
 0001:00009b80       ?_CancelWithException@_Task_impl_base@details@Concurrency@@QAE_NABVexception_ptr@std@@@Z 0040ab80 f i TraceUI.obj
 0001:00009c40       ?_CaptureCurrent@_ContextCallback@details@Concurrency@@SA?AV123@XZ 0040ac40 f i TraceUI.obj
 0001:00009ca0       ?_CaptureSingleFrameCallstack@_TaskCreationCallstack@details@Concurrency@@SA?AV123@PAX@Z 0040aca0 f i TraceUI.obj
 0001:00009de0       ?_Copy@?$_Func_impl@V?$_Fake_no_copy_callable_adapter@A6AXPAVTraceUI@@HHH@ZAAPAV1@HAAHAAH@std@@V?$allocator@H@2@X$$V@std@@EBEPAV?$_Func_base@X$$V@2@PAX@Z 0040ade0 f i TraceUI.obj
 0001:00009e20       ?_Copy@?$_Func_impl@V?$_Fake_no_copy_callable_adapter@A6AXPAVTraceUI@@HHH@ZAAPAV1@HHAAH@std@@V?$allocator@H@2@X$$V@std@@EBEPAV?$_Func_base@X$$V@2@PAX@Z 0040ae20 f i TraceUI.obj
 0001:00009e60       ?_CreateImpl@?$task@E@Concurrency@@QAEXPAV_CancellationTokenState@details@2@Uscheduler_ptr@2@@Z 0040ae60 f i TraceUI.obj
 0001:00009fb0       ?_Current_exception@exception_ptr@std@@SA?AV12@XZ 0040afb0 f i TraceUI.obj
 0001:0000a140       ?_Delete_this@?$_Func_impl@V?$_Fake_no_copy_callable_adapter@A6AXPAVTraceUI@@HHH@ZAAPAV1@HAAHAAH@std@@V?$allocator@H@2@X$$V@std@@EAEX_N@Z 0040b140 f i TraceUI.obj
 0001:0000a160       ?_Delete_this@?$_Func_impl@V?$_Fake_no_copy_callable_adapter@A6AXPAVTraceUI@@HHH@ZAAPAV1@HHAAH@std@@V?$allocator@H@2@X$$V@std@@EAEX_N@Z 0040b160 f i TraceUI.obj
 0001:0000a180       ?_Delete_this@?$_Ref_count_obj@U?$_Task_impl@E@details@Concurrency@@@std@@EAEXXZ 0040b180 f i TraceUI.obj
 0001:0000a190       ?_Delete_this@?$_Ref_count_obj@U_ExceptionHolder@details@Concurrency@@@std@@EAEXXZ 0040b190 f i TraceUI.obj
 0001:0000a1a0       ?_DeregisterCallback@_CancellationTokenState@details@Concurrency@@QAEXPAV_CancellationTokenRegistration@23@@Z 0040b1a0 f i TraceUI.obj
 0001:0000a310       ?_Destroy@?$_Ref_count_obj@U?$_Task_impl@E@details@Concurrency@@@std@@EAEXXZ 0040b310 f i TraceUI.obj
 0001:0000a320       ?_Destroy@?$_Ref_count_obj@U_ExceptionHolder@details@Concurrency@@@std@@EAEXXZ 0040b320 f i TraceUI.obj
 0001:0000a330       ?_Destroy@_RefCounter@details@Concurrency@@MAEXXZ 0040b330 f i TraceUI.obj
 0001:0000a3d0       ?_Do_call@?$_Func_impl@V?$_Fake_no_copy_callable_adapter@A6AXPAVTraceUI@@HHH@ZAAPAV1@HAAHAAH@std@@V?$allocator@H@2@X$$V@std@@EAEXXZ 0040b3d0 f i TraceUI.obj
 0001:0000a3f0       ?_Do_call@?$_Func_impl@V?$_Fake_no_copy_callable_adapter@A6AXPAVTraceUI@@HHH@ZAAPAV1@HHAAH@std@@V?$allocator@H@2@X$$V@std@@EAEXXZ 0040b3f0 f i TraceUI.obj
 0001:0000a410       ?_Do_notify@?$_Associated_state@H@std@@EAEXPAV?$unique_lock@Vmutex@std@@@2@_N@Z 0040b410 f i TraceUI.obj
 0001:0000a540       ?_FinalizeAndRunContinuations@?$_Task_impl@E@details@Concurrency@@QAEXE@Z 0040b540 f i TraceUI.obj
 0001:0000a690       ?_Get@?$_Func_impl@V?$_Fake_no_copy_callable_adapter@A6AXPAVTraceUI@@HHH@ZAAPAV1@HAAHAAH@std@@V?$allocator@H@2@X$$V@std@@EBEPBXXZ 0040b690 f i TraceUI.obj
 0001:0000a6a0       ?_Get@?$_Func_impl@V?$_Fake_no_copy_callable_adapter@A6AXPAVTraceUI@@HHH@ZAAPAV1@HHAAH@std@@V?$allocator@H@2@X$$V@std@@EBEPBXXZ 0040b6a0 f i TraceUI.obj
 0001:0000a6b0       ?_GetStaticAmbientSchedulerRef@details@Concurrency@@YAAAV?$shared_ptr@Uscheduler_interface@Concurrency@@@std@@XZ 0040b6b0 f i TraceUI.obj
 0001:0000a720       ?_GetTaskCreationCallstack@_Task_impl_base@details@Concurrency@@QAE?AV_TaskCreationCallstack@23@XZ 0040b720 f i TraceUI.obj
 0001:0000a750       ?_Get_deleter@_Ref_count_base@std@@UBEPAXABVtype_info@@@Z 0040b750 f i TraceUI.obj
 0001:0000a760       ?_Get_value@?$_Associated_state@H@std@@UAEAAH_N@Z 0040b760 f i TraceUI.obj
 0001:0000a8a0       ?_Get_value@?$_Task_async_state@X$00@std@@UAEAAH_N@Z 0040b8a0 f i TraceUI.obj
 0001:0000a8d0       ?_Get_value@?$_Task_async_state@X$0A@@std@@UAEAAH_N@Z 0040b8d0 f i TraceUI.obj
 0001:0000a8e0       ?_Getal@?$_Vector_alloc@U?$_Vec_base_types@V?$future@X@std@@V?$allocator@V?$future@X@std@@@2@@std@@@std@@QAEAAU?$_Wrap_alloc@V?$allocator@V?$future@X@std@@@std@@@2@XZ 0040b8e0 f i TraceUI.obj
 0001:0000a8f0       ?_Has_deferred_function@?$_Associated_state@H@std@@EBE_NXZ 0040b8f0 f i TraceUI.obj
 0001:0000a900       ?_Has_deferred_function@?$_Deferred_async_state@X@std@@EBE_NXZ 0040b900 f i TraceUI.obj
 0001:0000a910       ?_Invoke@_CancellationTokenRegistration@details@Concurrency@@AAEXXZ 0040b910 f i TraceUI.obj
 0001:0000a9f0       ?_Make@?$_Task_ptr@E@details@Concurrency@@SA?AV?$shared_ptr@U?$_Task_impl@E@details@Concurrency@@@std@@PAV_CancellationTokenState@23@Uscheduler_ptr@3@@Z 0040b9f0 f i TraceUI.obj
 0001:0000aa80       ?_MakeVoidToUnitFunc@details@Concurrency@@YA?AV?$function@$$A6AEXZ@std@@ABV?$function@$$A6AXXZ@4@@Z 0040ba80 f i TraceUI.obj
 0001:0000ab30       ?_Makestr@_System_error@std@@CA?AV?$basic_string@DU?$char_traits@D@std@@V?$allocator@D@2@@2@Verror_code@2@V32@@Z 0040bb30 f i TraceUI.obj
 0001:0000ad70       ?_Move@?$_Func_impl@V?$_Fake_no_copy_callable_adapter@A6AXPAVTraceUI@@HHH@ZAAPAV1@HAAHAAH@std@@V?$allocator@H@2@X$$V@std@@EAEPAV?$_Func_base@X$$V@2@PAX@Z 0040bd70 f i TraceUI.obj
 0001:0000adb0       ?_Move@?$_Func_impl@V?$_Fake_no_copy_callable_adapter@A6AXPAVTraceUI@@HHH@ZAAPAV1@HHAAH@std@@V?$allocator@H@2@X$$V@std@@EAEPAV?$_Func_base@X$$V@2@PAX@Z 0040bdb0 f i TraceUI.obj
 0001:0000adf0       ?_NoCallOnDefaultTask_ErrorImpl@_DefaultTaskHelper@details@Concurrency@@SAXXZ 0040bdf0 f i TraceUI.obj
 0001:0000ae20       ?_Perform@?$_Init_func_transformer@X@Concurrency@@SA?AV?$function@$$A6AEXZ@std@@V?$function@$$A6AXXZ@4@@Z 0040be20 f i TraceUI.obj
 0001:0000ae90       ?_RegisterCallback@_CancellationTokenState@details@Concurrency@@QAEXPAV_CancellationTokenRegistration@23@@Z 0040be90 f i TraceUI.obj
 0001:0000af90       ?_RegisterCancellation@_Task_impl_base@details@Concurrency@@QAEXV?$weak_ptr@U_Task_impl_base@details@Concurrency@@@std@@@Z 0040bf90 f i TraceUI.obj
 0001:0000b050       ?_Reset0@?$_Ptr_base@U_Task_impl_base@details@Concurrency@@@std@@QAEXPAU_Task_impl_base@details@Concurrency@@PAV_Ref_count_base@2@@Z 0040c050 f i TraceUI.obj
 0001:0000b0b0       ?_Reset_weak@?$_Ptr_base@U_Task_impl_base@details@Concurrency@@@std@@QAE_NPAU_Task_impl_base@details@Concurrency@@PAV_Ref_count_base@2@@Z 0040c0b0 f i TraceUI.obj
 0001:0000b100       ?_RethrowException@exception_ptr@std@@QBEXXZ 0040c100 f i TraceUI.obj
 0001:0000b110       ?_RethrowUserException@_ExceptionHolder@details@Concurrency@@QAEXXZ 0040c110 f i TraceUI.obj
 0001:0000b140       ?_RunChoreBridge@_TaskProcHandle@details@Concurrency@@SAXPAX@Z 0040c140 f i TraceUI.obj
 0001:0000b190       ?_RunTask@_TaskCollectionBaseImpl@details@Concurrency@@SAXP6AXPAX@Z0W4_TaskInliningMode@23@@Z 0040c190 f i TraceUI.obj
 0001:0000b250       ?_RunTaskContinuations@_Task_impl_base@details@Concurrency@@QAEXXZ 0040c250 f i TraceUI.obj
 0001:0000b430       ?_Run_deferred_function@?$_Associated_state@H@std@@EAEXAAV?$unique_lock@Vmutex@std@@@2@@Z 0040c430 f i TraceUI.obj
 0001:0000b440       ?_Run_deferred_function@?$_Deferred_async_state@X@std@@EAEXAAV?$unique_lock@Vmutex@std@@@2@@Z 0040c440 f i TraceUI.obj
 0001:0000b520       ?_ScheduleTask@_TaskCollectionBaseImpl@details@Concurrency@@QAEXPAU_TaskProcHandle@23@W4_TaskInliningMode@23@@Z 0040c520 f i TraceUI.obj
 0001:0000b5c0       ?_ScheduleTask@_Task_impl_base@details@Concurrency@@QAEXPAU_TaskProcHandle@23@W4_TaskInliningMode@23@@Z 0040c5c0 f i TraceUI.obj
 0001:0000b690       ?_SetCollectionState@_TaskCollectionBaseImpl@details@Concurrency@@IAEXW4_TaskCollectionState@123@@Z 0040c690 f i TraceUI.obj
 0001:0000b730       ?_Set_exception@?$_Associated_state@H@std@@QAEXVexception_ptr@2@_N@Z 0040c730 f i TraceUI.obj
 0001:0000b800       ?_Set_exception_raw@?$_Associated_state@H@std@@QAEXVexception_ptr@2@PAV?$unique_lock@Vmutex@std@@@2@_N@Z 0040c800 f i TraceUI.obj
 0001:0000b890       ?_Set_value@?$_Associated_state@H@std@@QAEX$$QAH_N@Z 0040c890 f i TraceUI.obj
 0001:0000b9d0       ?_Target_type@?$_Func_impl@V?$_Fake_no_copy_callable_adapter@A6AXPAVTraceUI@@HHH@ZAAPAV1@HAAHAAH@std@@V?$allocator@H@2@X$$V@std@@EBEABVtype_info@@XZ 0040c9d0 f i TraceUI.obj
 0001:0000b9e0       ?_Target_type@?$_Func_impl@V?$_Fake_no_copy_callable_adapter@A6AXPAVTraceUI@@HHH@ZAAPAV1@HHAAH@std@@V?$allocator@H@2@X$$V@std@@EBEABVtype_info@@XZ 0040c9e0 f i TraceUI.obj
 0001:0000b9f0       ?_Validate@?$unique_lock@Vmutex@std@@@std@@ABEXXZ 0040c9f0 f i TraceUI.obj
 0001:0000ba60       ?_Wait@?$_Associated_state@H@std@@UAEXXZ 0040ca60 f i TraceUI.obj
 0001:0000bb40       ?_Wait@?$_Task_async_state@X$00@std@@UAEXXZ 0040cb40 f i TraceUI.obj
 0001:0000bb60       ?_Wait@?$_Task_async_state@X$0A@@std@@UAEXXZ 0040cb60 f i TraceUI.obj
 0001:0000bb70       ?_Wait@_Task_impl_base@details@Concurrency@@QAE?AW4task_group_status@3@XZ 0040cb70 f i TraceUI.obj
 0001:0000bc90       ?_Xlength@?$vector@PAXV?$allocator@PAX@std@@@std@@CAXXZ 0040cc90 f i TraceUI.obj
 0001:0000bca0       ?_Xlength@?$vector@V?$future@X@std@@V?$allocator@V?$future@X@std@@@2@@std@@CAXXZ 0040cca0 f i TraceUI.obj
 0001:0000bcb0       ?allocate@?$allocator@PAX@std@@QAEPAPAXI@Z 0040ccb0 f i TraceUI.obj
 0001:0000bd20       ?allocate@?$allocator@V?$future@X@std@@@std@@QAEPAV?$future@X@2@I@Z 0040cd20 f i TraceUI.obj
 0001:0000bd90       ?append@?$basic_string@DU?$char_traits@D@std@@V?$allocator@D@2@@std@@QAEAAV12@ABV12@II@Z 0040cd90 f i TraceUI.obj
 0001:0000be70       ?append@?$basic_string@DU?$char_traits@D@std@@V?$allocator@D@2@@std@@QAEAAV12@QBDI@Z 0040ce70 f i TraceUI.obj
 0001:0000bf60       ?cb_aConstantSlides@TraceUI@@CAXPAVFl_Widget@@PAX@Z 0040cf60 f   TraceUI.obj
 0001:0000bf80       ?cb_aLinearSlides@TraceUI@@CAXPAVFl_Widget@@PAX@Z 0040cf80 f   TraceUI.obj
 0001:0000bfa0       ?cb_aQuadraticSlides@TraceUI@@CAXPAVFl_Widget@@PAX@Z 0040cfa0 f   TraceUI.obj
 0001:0000bfc0       ?cb_depthSlides@TraceUI@@CAXPAVFl_Widget@@PAX@Z 0040cfc0 f   TraceUI.obj
 0001:0000bfe0       ?cb_distanceSwitch@TraceUI@@CAXPAVFl_Widget@@PAX@Z 0040cfe0 f   TraceUI.obj
 0001:0000c000       ?cb_exit2@TraceUI@@CAXPAVFl_Widget@@PAX@Z 0040d000 f   TraceUI.obj
 0001:0000c030       ?cb_fresnelSlides@TraceUI@@CAXPAVFl_Widget@@PAX@Z 0040d030 f   TraceUI.obj
 0001:0000c050       ?cb_fresnelSwitch@TraceUI@@CAXPAVFl_Widget@@PAX@Z 0040d050 f   TraceUI.obj
 0001:0000c060       ?cb_glossyReflectionSlides@TraceUI@@CAXPAVFl_Widget@@PAX@Z 0040d060 f   TraceUI.obj
 0001:0000c080       ?cb_intensityThresholdSlides@TraceUI@@CAXPAVFl_Widget@@PAX@Z 0040d080 f   TraceUI.obj
 0001:0000c0a0       ?cb_reflectionSwitch@TraceUI@@CAXPAVFl_Widget@@PAX@Z 0040d0a0 f   TraceUI.obj
 0001:0000c0b0       ?cb_refractionSwitch@TraceUI@@CAXPAVFl_Widget@@PAX@Z 0040d0b0 f   TraceUI.obj
 0001:0000c0c0       ?cb_render@TraceUI@@CAXPAVFl_Widget@@PAX@Z 0040d0c0 f   TraceUI.obj
 0001:0000c410       ?cb_shadowSwitch@TraceUI@@CAXPAVFl_Widget@@PAX@Z 0040d410 f   TraceUI.obj
 0001:0000c420       ?cb_sizeSlides@TraceUI@@CAXPAVFl_Widget@@PAX@Z 0040d420 f   TraceUI.obj
 0001:0000c470       ?cb_softShadowSwitch@TraceUI@@CAXPAVFl_Widget@@PAX@Z 0040d470 f   TraceUI.obj
 0001:0000c480       ?cb_stop@TraceUI@@CAXPAVFl_Widget@@PAX@Z 0040d480 f   TraceUI.obj
 0001:0000c490       ?cb_superSamplingSlides@TraceUI@@CAXPAVFl_Widget@@PAX@Z 0040d490 f   TraceUI.obj
 0001:0000c4b0       ?cb_threadSlides@TraceUI@@CAXPAVFl_Widget@@PAX@Z 0040d4b0 f   TraceUI.obj
 0001:0000c4d0       ?current_exception@std@@YA?AVexception_ptr@1@XZ 0040d4d0 f i TraceUI.obj
 0001:0000c510       ?deallocate@?$_Wrap_alloc@V?$allocator@V?$future@X@std@@@std@@@std@@QAEXPAV?$future@X@2@I@Z 0040d510 f i TraceUI.obj
 0001:0000c530       ?default_error_condition@error_category@std@@UBE?AVerror_condition@2@H@Z 0040d530 f i TraceUI.obj
 0001:0000c550       ?equivalent@error_category@std@@UBE_NABVerror_code@2@H@Z 0040d550 f i TraceUI.obj
 0001:0000c580       ?equivalent@error_category@std@@UBE_NHABVerror_condition@2@@Z 0040d580 f i TraceUI.obj
 0001:0000c5c0       ?get_cancellation_token@task_options@Concurrency@@QBE?AVcancellation_token@2@XZ 0040d5c0 f i TraceUI.obj
 0001:0000c5f0       ?get_scheduler@task_options@Concurrency@@QBE?AUscheduler_ptr@2@XZ 0040d5f0 f i TraceUI.obj
 0001:0000cc90       ?load_scene@TraceUI@@AAEXPBD@Z 0040dc90 f   TraceUI.obj
 0001:0000cd10       ?lock@?$weak_ptr@U_Task_impl_base@details@Concurrency@@@std@@QBE?AV?$shared_ptr@U_Task_impl_base@details@Concurrency@@@2@XZ 0040dd10 f i TraceUI.obj
 0001:0000cd40       ?make_error_code@std@@YA?AVerror_code@1@W4errc@1@@Z 0040dd40 f i TraceUI.obj
 0001:0000cd60       ?make_error_code@std@@YA?AVerror_code@1@W4future_errc@1@@Z 0040dd60 f i TraceUI.obj
 0001:0000cd80       ?message@_Future_error_category@std@@UBE?AV?$basic_string@DU?$char_traits@D@std@@V?$allocator@D@2@@2@H@Z 0040dd80 f i TraceUI.obj
 0001:0000ce20       ?message@_Generic_error_category@std@@UBE?AV?$basic_string@DU?$char_traits@D@std@@V?$allocator@D@2@@2@H@Z 0040de20 f i TraceUI.obj
 0001:0000ce70       ?message@error_code@std@@QBE?AV?$basic_string@DU?$char_traits@D@std@@V?$allocator@D@2@@2@XZ 0040de70 f i TraceUI.obj
 0001:0000cea0       ?name@_Future_error_category@std@@UBEPBDXZ 0040dea0 f i TraceUI.obj
 0001:0000ceb0       ?name@_Generic_error_category@std@@UBEPBDXZ 0040deb0 f i TraceUI.obj
 0001:0000cec0       ?none@cancellation_token@Concurrency@@SA?AV12@XZ 0040dec0 f i TraceUI.obj
 0001:0000cee0       ?remove@TokenRegistrationContainer@_CancellationTokenState@details@Concurrency@@QAEXPAV_CancellationTokenRegistration@34@@Z 0040dee0 f i TraceUI.obj
 0001:0000cf30       ?rethrow_exception@std@@YAXVexception_ptr@1@@Z 0040df30 f i TraceUI.obj
 0001:0000cf70       ?schedule@_DefaultPPLTaskScheduler@details@Concurrency@@UAEXP6AXPAX@Z0@Z 0040df70 f i TraceUI.obj
 0001:0000cff0       ?setRayTracer@TraceUI@@QAEXPAVRayTracer@@@Z 0040dff0 f   TraceUI.obj
 0001:0000d010       ?show@TraceUI@@QAEXXZ      0040e010 f   TraceUI.obj
 0001:0000d020       ?unlock@?$unique_lock@Vmutex@std@@@std@@QAEXXZ 0040e020 f i TraceUI.obj
 0001:0000d080       ?use_default@task_continuation_context@Concurrency@@SA?AV12@XZ 0040e080 f i TraceUI.obj
 0001:0000d0a0       ?what@exception@std@@UBEPBDXZ 0040e0a0 f i TraceUI.obj
 0001:0000d0b0       ?whoami@TraceUI@@CAPAV1@PAVFl_Menu_@@@Z 0040e0b0 f   TraceUI.obj
 0001:0000d0c0       _sprintf                   0040e0c0 f i TraceUI.obj
 0001:0000d100       ?readBMP@@YAPAEPADAAH1@Z   0040e100 f   bitmap.obj
 0001:0000d270       ?writeBMP@@YAXPADHHPAE@Z   0040e270 f   bitmap.obj
 0001:0000d400       ??$?0U?$_Wrap_alloc@V?$allocator@U?$_Tree_node@U?$pair@$$CBV?$basic_string@DU?$char_traits@D@std@@V?$allocator@D@2@@std@@PAVObj@@@std@@PAX@std@@@std@@@std@@@?$_Tree@V?$_Tmap_traits@V?$basic_string@DU?$char_traits@D@std@@V?$allocator@D@2@@std@@PAVObj@@U?$less@V?$basic_string@DU?$char_traits@D@std@@V?$allocator@D@2@@std@@@2@V?$allocator@U?$pair@$$CBV?$basic_string@DU?$char_traits@D@std@@V?$allocator@D@2@@std@@PAVObj@@@std@@@2@$0A@@std@@@std@@QAE@ABV01@$$QAU?$_Wrap_alloc@V?$allocator@U?$_Tree_node@U?$pair@$$CBV?$basic_string@DU?$char_traits@D@std@@V?$allocator@D@2@@std@@PAVObj@@@std@@PAX@std@@@std@@@1@@Z 0040e400 f i parse.obj
 0001:0000d490       ??$?6U?$char_traits@D@std@@@std@@YAAAV?$basic_ostream@DU?$char_traits@D@std@@@0@AAV10@D@Z 0040e490 f i parse.obj
 0001:0000d6a0       ??$?6U?$char_traits@D@std@@@std@@YAAAV?$basic_ostream@DU?$char_traits@D@std@@@0@AAV10@PBD@Z 0040e6a0 f i parse.obj
 0001:0000d8d0       ??$?HDU?$char_traits@D@std@@V?$allocator@D@1@@std@@YA?AV?$basic_string@DU?$char_traits@D@std@@V?$allocator@D@2@@0@$$QAV10@0@Z 0040e8d0 f i parse.obj
 0001:0000d950       ??$?HDU?$char_traits@D@std@@V?$allocator@D@1@@std@@YA?AV?$basic_string@DU?$char_traits@D@std@@V?$allocator@D@2@@0@$$QAV10@ABV10@@Z 0040e950 f i parse.obj
 0001:0000d9b0       ??$_Buynode@AAU?$pair@$$CBV?$basic_string@DU?$char_traits@D@std@@V?$allocator@D@2@@std@@PAVObj@@@std@@@?$_Tree_comp_alloc@V?$_Tmap_traits@V?$basic_string@DU?$char_traits@D@std@@V?$allocator@D@2@@std@@PAVObj@@U?$less@V?$basic_string@DU?$char_traits@D@std@@V?$allocator@D@2@@std@@@2@V?$allocator@U?$pair@$$CBV?$basic_string@DU?$char_traits@D@std@@V?$allocator@D@2@@std@@PAVObj@@@std@@@2@$0A@@std@@@std@@QAEPAU?$_Tree_node@U?$pair@$$CBV?$basic_string@DU?$char_traits@D@std@@V?$allocator@D@2@@std@@PAVObj@@@std@@PAX@1@AAU?$pair@$$CBV?$basic_string@DU?$char_traits@D@std@@V?$allocator@D@2@@std@@PAVObj@@@1@@Z 0040e9b0 f i parse.obj
 0001:0000da60       ??$_Buynode@ABUpiecewise_construct_t@std@@V?$tuple@ABV?$basic_string@DU?$char_traits@D@std@@V?$allocator@D@2@@std@@@2@V?$tuple@$$V@2@@?$_Tree_comp_alloc@V?$_Tmap_traits@V?$basic_string@DU?$char_traits@D@std@@V?$allocator@D@2@@std@@PAVObj@@U?$less@V?$basic_string@DU?$char_traits@D@std@@V?$allocator@D@2@@std@@@2@V?$allocator@U?$pair@$$CBV?$basic_string@DU?$char_traits@D@std@@V?$allocator@D@2@@std@@PAVObj@@@std@@@2@$0A@@std@@@std@@QAEPAU?$_Tree_node@U?$pair@$$CBV?$basic_string@DU?$char_traits@D@std@@V?$allocator@D@2@@std@@PAVObj@@@std@@PAX@1@ABUpiecewise_construct_t@1@$$QAV?$tuple@ABV?$basic_string@DU?$char_traits@D@std@@V?$allocator@D@2@@std@@@1@$$QAV?$tuple@$$V@1@@Z 0040ea60 f i parse.obj
 0001:0000db10       ??$_Copy@U_Copy_tag@?$_Tree@V?$_Tmap_traits@V?$basic_string@DU?$char_traits@D@std@@V?$allocator@D@2@@std@@PAVObj@@U?$less@V?$basic_string@DU?$char_traits@D@std@@V?$allocator@D@2@@std@@@2@V?$allocator@U?$pair@$$CBV?$basic_string@DU?$char_traits@D@std@@V?$allocator@D@2@@std@@PAVObj@@@std@@@2@$0A@@std@@@std@@@?$_Tree@V?$_Tmap_traits@V?$basic_string@DU?$char_traits@D@std@@V?$allocator@D@2@@std@@PAVObj@@U?$less@V?$basic_string@DU?$char_traits@D@std@@V?$allocator@D@2@@std@@@2@V?$allocator@U?$pair@$$CBV?$basic_string@DU?$char_traits@D@std@@V?$allocator@D@2@@std@@PAVObj@@@std@@@2@$0A@@std@@@std@@IAEXABV01@U_Copy_tag@01@@Z 0040eb10 f i parse.obj
 0001:0000db90       ??$_Copy_nodes@U_Copy_tag@?$_Tree@V?$_Tmap_traits@V?$basic_string@DU?$char_traits@D@std@@V?$allocator@D@2@@std@@PAVObj@@U?$less@V?$basic_string@DU?$char_traits@D@std@@V?$allocator@D@2@@std@@@2@V?$allocator@U?$pair@$$CBV?$basic_string@DU?$char_traits@D@std@@V?$allocator@D@2@@std@@PAVObj@@@std@@@2@$0A@@std@@@std@@@?$_Tree@V?$_Tmap_traits@V?$basic_string@DU?$char_traits@D@std@@V?$allocator@D@2@@std@@PAVObj@@U?$less@V?$basic_string@DU?$char_traits@D@std@@V?$allocator@D@2@@std@@@2@V?$allocator@U?$pair@$$CBV?$basic_string@DU?$char_traits@D@std@@V?$allocator@D@2@@std@@PAVObj@@@std@@@2@$0A@@std@@@std@@IAEPAU?$_Tree_node@U?$pair@$$CBV?$basic_string@DU?$char_traits@D@std@@V?$allocator@D@2@@std@@PAVObj@@@std@@PAX@1@PAU21@0U_Copy_tag@01@@Z 0040eb90 f i parse.obj
 0001:0000dc50       ??$_Insert_at@AAU?$pair@$$CBV?$basic_string@DU?$char_traits@D@std@@V?$allocator@D@2@@std@@PAVObj@@@std@@PAU?$_Tree_node@U?$pair@$$CBV?$basic_string@DU?$char_traits@D@std@@V?$allocator@D@2@@std@@PAVObj@@@std@@PAX@2@@?$_Tree@V?$_Tmap_traits@V?$basic_string@DU?$char_traits@D@std@@V?$allocator@D@2@@std@@PAVObj@@U?$less@V?$basic_string@DU?$char_traits@D@std@@V?$allocator@D@2@@std@@@2@V?$allocator@U?$pair@$$CBV?$basic_string@DU?$char_traits@D@std@@V?$allocator@D@2@@std@@PAVObj@@@std@@@2@$0A@@std@@@std@@IAE?AV?$_Tree_iterator@V?$_Tree_val@U?$_Tree_simple_types@U?$pair@$$CBV?$basic_string@DU?$char_traits@D@std@@V?$allocator@D@2@@std@@PAVObj@@@std@@@std@@@std@@@1@_NPAU?$_Tree_node@U?$pair@$$CBV?$basic_string@DU?$char_traits@D@std@@V?$allocator@D@2@@std@@PAVObj@@@std@@PAX@1@AAU?$pair@$$CBV?$basic_string@DU?$char_traits@D@std@@V?$allocator@D@2@@std@@PAVObj@@@1@1@Z 0040ec50 f i parse.obj
 0001:0000ddf0       ??$_Insert_hint@AAU?$pair@$$CBV?$basic_string@DU?$char_traits@D@std@@V?$allocator@D@2@@std@@PAVObj@@@std@@PAU?$_Tree_node@U?$pair@$$CBV?$basic_string@DU?$char_traits@D@std@@V?$allocator@D@2@@std@@PAVObj@@@std@@PAX@2@@?$_Tree@V?$_Tmap_traits@V?$basic_string@DU?$char_traits@D@std@@V?$allocator@D@2@@std@@PAVObj@@U?$less@V?$basic_string@DU?$char_traits@D@std@@V?$allocator@D@2@@std@@@2@V?$allocator@U?$pair@$$CBV?$basic_string@DU?$char_traits@D@std@@V?$allocator@D@2@@std@@PAVObj@@@std@@@2@$0A@@std@@@std@@IAE?AV?$_Tree_iterator@V?$_Tree_val@U?$_Tree_simple_types@U?$pair@$$CBV?$basic_string@DU?$char_traits@D@std@@V?$allocator@D@2@@std@@PAVObj@@@std@@@std@@@std@@@1@V?$_Tree_const_iterator@V?$_Tree_val@U?$_Tree_simple_types@U?$pair@$$CBV?$basic_string@DU?$char_traits@D@std@@V?$allocator@D@2@@std@@PAVObj@@@std@@@std@@@std@@@1@AAU?$pair@$$CBV?$basic_string@DU?$char_traits@D@std@@V?$allocator@D@2@@std@@PAVObj@@@1@PAU?$_Tree_node@U?$pair@$$CBV?$basic_string@DU?$char_traits@D@std@@V?$allocator@D@2@@std@@PAVObj@@@std@@PAX@1@@Z 0040edf0 f i parse.obj
 0001:0000e070       ??$_Insert_nohint@AAU?$pair@$$CBV?$basic_string@DU?$char_traits@D@std@@V?$allocator@D@2@@std@@PAVObj@@@std@@PAU?$_Tree_node@U?$pair@$$CBV?$basic_string@DU?$char_traits@D@std@@V?$allocator@D@2@@std@@PAVObj@@@std@@PAX@2@@?$_Tree@V?$_Tmap_traits@V?$basic_string@DU?$char_traits@D@std@@V?$allocator@D@2@@std@@PAVObj@@U?$less@V?$basic_string@DU?$char_traits@D@std@@V?$allocator@D@2@@std@@@2@V?$allocator@U?$pair@$$CBV?$basic_string@DU?$char_traits@D@std@@V?$allocator@D@2@@std@@PAVObj@@@std@@@2@$0A@@std@@@std@@IAE?AU?$pair@V?$_Tree_iterator@V?$_Tree_val@U?$_Tree_simple_types@U?$pair@$$CBV?$basic_string@DU?$char_traits@D@std@@V?$allocator@D@2@@std@@PAVObj@@@std@@@std@@@std@@@std@@_N@1@_NAAU?$pair@$$CBV?$basic_string@DU?$char_traits@D@std@@V?$allocator@D@2@@std@@PAVObj@@@1@PAU?$_Tree_node@U?$pair@$$CBV?$basic_string@DU?$char_traits@D@std@@V?$allocator@D@2@@std@@PAVObj@@@std@@PAX@1@@Z 0040f070 f i parse.obj
 0001:0000e330       ??$_Insert_string@DU?$char_traits@D@std@@I@std@@YAAAV?$basic_ostream@DU?$char_traits@D@std@@@0@AAV10@QBDI@Z 0040f330 f i parse.obj
 0001:0000e520       ??$_Lbound@V?$basic_string@DU?$char_traits@D@std@@V?$allocator@D@2@@std@@@?$_Tree@V?$_Tmap_traits@V?$basic_string@DU?$char_traits@D@std@@V?$allocator@D@2@@std@@PAVObj@@U?$less@V?$basic_string@DU?$char_traits@D@std@@V?$allocator@D@2@@std@@@2@V?$allocator@U?$pair@$$CBV?$basic_string@DU?$char_traits@D@std@@V?$allocator@D@2@@std@@PAVObj@@@std@@@2@$0A@@std@@@std@@IBEPAU?$_Tree_node@U?$pair@$$CBV?$basic_string@DU?$char_traits@D@std@@V?$allocator@D@2@@std@@PAVObj@@@std@@PAX@1@ABV?$basic_string@DU?$char_traits@D@std@@V?$allocator@D@2@@1@@Z 0040f520 f i parse.obj
 0001:0000e5f0       ??$_Traits_compare@U?$char_traits@D@std@@@std@@YAHQBDI0I@Z 0040f5f0 f i parse.obj
 0001:0000e680       ??$_Traits_equal@U?$char_traits@D@std@@@std@@YA_NQBDI0I@Z 0040f680 f i parse.obj
 0001:0000e6f0       ??$emplace_back@PAVObj@@@?$vector@PAVObj@@V?$allocator@PAVObj@@@std@@@std@@QAEX$$QAPAVObj@@@Z 0040f6f0 f i parse.obj
 0001:0000e7c0       ??0?$basic_string@DU?$char_traits@D@std@@V?$allocator@D@2@@std@@QAE@QBD@Z 0040f7c0 f i parse.obj
 0001:0000e800       ??0?$vector@PAVObj@@V?$allocator@PAVObj@@@std@@@std@@QAE@ABV01@@Z 0040f800 f i parse.obj
 0001:0000e890       ??0Exception@@QAE@ABV0@@Z  0040f890 f i parse.obj
 0001:0000e8c0       ??0IdObj@@QAE@ABV?$basic_string@DU?$char_traits@D@std@@V?$allocator@D@2@@std@@@Z 0040f8c0 f i parse.obj
 0001:0000e930       ??0NamedObj@@QAE@ABV?$basic_string@DU?$char_traits@D@std@@V?$allocator@D@2@@std@@PAVObj@@@Z 0040f930 f i parse.obj
 0001:0000e9a0       ??0ObjTypeMismatch@@QAE@ABV0@@Z 0040f9a0 f i parse.obj
 0001:0000e9d0       ??0ObjTypeMismatch@@QAE@V?$basic_string@DU?$char_traits@D@std@@V?$allocator@D@2@@std@@0@Z 0040f9d0 f i parse.obj
 0001:0000ec80       ??0ParseError@@QAE@ABV0@@Z 0040fc80 f i parse.obj
 0001:0000ecb0       ??0ParseError@@QAE@ABV?$basic_string@DU?$char_traits@D@std@@V?$allocator@D@2@@std@@@Z 0040fcb0 f i parse.obj
 0001:0000ece0       ??1?$_Tree_comp_alloc@V?$_Tmap_traits@V?$basic_string@DU?$char_traits@D@std@@V?$allocator@D@2@@std@@PAVObj@@U?$less@V?$basic_string@DU?$char_traits@D@std@@V?$allocator@D@2@@std@@@2@V?$allocator@U?$pair@$$CBV?$basic_string@DU?$char_traits@D@std@@V?$allocator@D@2@@std@@PAVObj@@@std@@@2@$0A@@std@@@std@@QAE@XZ 0040fce0 f i parse.obj
 0001:0000ecf0       ??1?$map@V?$basic_string@DU?$char_traits@D@std@@V?$allocator@D@2@@std@@PAVObj@@U?$less@V?$basic_string@DU?$char_traits@D@std@@V?$allocator@D@2@@std@@@2@V?$allocator@U?$pair@$$CBV?$basic_string@DU?$char_traits@D@std@@V?$allocator@D@2@@std@@PAVObj@@@std@@@2@@std@@QAE@XZ 0040fcf0 f i parse.obj
 0001:0000ed50       ??1?$vector@PAVObj@@V?$allocator@PAVObj@@@std@@@std@@QAE@XZ 0040fd50 f i parse.obj
 0001:0000ed90       ??1BooleanObj@@UAE@XZ      0040fd90 f i parse.obj
 0001:0000eda0       ??1DictObj@@UAE@XZ         0040fda0 f i parse.obj
 0001:0000ee70       ??1IdObj@@UAE@XZ           0040fe70 f i parse.obj
 0001:0000eeb0       ??1NamedObj@@UAE@XZ        0040feb0 f i parse.obj
 0001:0000ef00       ??1Obj@@UAE@XZ             0040ff00 f i parse.obj
 0001:0000ef10       ??1ObjTypeMismatch@@QAE@XZ 0040ff10 f i parse.obj
 0001:0000ef40       ??1ParseError@@QAE@XZ      0040ff40 f i parse.obj
 0001:0000ef70       ??1ScalarObj@@UAE@XZ       0040ff70 f i parse.obj
 0001:0000ef80       ??1StringObj@@UAE@XZ       0040ff80 f i parse.obj
 0001:0000efc0       ??1TupleObj@@UAE@XZ        0040ffc0 f i parse.obj
 0001:0000f070       ??1_Sentry_base@?$basic_ostream@DU?$char_traits@D@std@@@std@@QAE@XZ 00410070 f i parse.obj
 0001:0000f0c0       ??1sentry@?$basic_ostream@DU?$char_traits@D@std@@@std@@QAE@XZ 004100c0 f i parse.obj
 0001:0000f130       ??E?$_Tree_unchecked_const_iterator@V?$_Tree_val@U?$_Tree_simple_types@U?$pair@$$CBV?$basic_string@DU?$char_traits@D@std@@V?$allocator@D@2@@std@@PAVObj@@@std@@@std@@@std@@U_Iterator_base0@2@@std@@QAEAAV01@XZ 00410130 f i parse.obj
 0001:0000f180       ??F?$_Tree_unchecked_const_iterator@V?$_Tree_val@U?$_Tree_simple_types@U?$pair@$$CBV?$basic_string@DU?$char_traits@D@std@@V?$allocator@D@2@@std@@PAVObj@@@std@@@std@@@std@@U_Iterator_base0@2@@std@@QAEAAV01@XZ 00410180 f i parse.obj
 0001:0000f1e0       ??R?$less@V?$basic_string@DU?$char_traits@D@std@@V?$allocator@D@2@@std@@@std@@QBE_NABV?$basic_string@DU?$char_traits@D@std@@V?$allocator@D@2@@1@0@Z 004101e0 f i parse.obj
 0001:0000f220       ??_GBooleanObj@@UAEPAXI@Z  00410220 f i parse.obj
 0001:0000f220       ??_EBooleanObj@@UAEPAXI@Z  00410220 f i parse.obj
 0001:0000f250       ??_GDictObj@@UAEPAXI@Z     00410250 f i parse.obj
 0001:0000f250       ??_EDictObj@@UAEPAXI@Z     00410250 f i parse.obj
 0001:0000f280       ??_EIdObj@@UAEPAXI@Z       00410280 f i parse.obj
 0001:0000f280       ??_GIdObj@@UAEPAXI@Z       00410280 f i parse.obj
 0001:0000f2e0       ??_ENamedObj@@UAEPAXI@Z    004102e0 f i parse.obj
 0001:0000f2e0       ??_GNamedObj@@UAEPAXI@Z    004102e0 f i parse.obj
 0001:0000f340       ??_EObj@@UAEPAXI@Z         00410340 f i parse.obj
 0001:0000f340       ??_GObj@@UAEPAXI@Z         00410340 f i parse.obj
 0001:0000f370       ??_EScalarObj@@UAEPAXI@Z   00410370 f i parse.obj
 0001:0000f370       ??_GScalarObj@@UAEPAXI@Z   00410370 f i parse.obj
 0001:0000f3a0       ??_GStringObj@@UAEPAXI@Z   004103a0 f i parse.obj
 0001:0000f3a0       ??_EStringObj@@UAEPAXI@Z   004103a0 f i parse.obj
 0001:0000f400       ??_ETupleObj@@UAEPAXI@Z    00410400 f i parse.obj
 0001:0000f400       ??_GTupleObj@@UAEPAXI@Z    00410400 f i parse.obj
 0001:0000f430       ?_Buyheadnode@?$_Tree_comp_alloc@V?$_Tmap_traits@V?$basic_string@DU?$char_traits@D@std@@V?$allocator@D@2@@std@@PAVObj@@U?$less@V?$basic_string@DU?$char_traits@D@std@@V?$allocator@D@2@@std@@@2@V?$allocator@U?$pair@$$CBV?$basic_string@DU?$char_traits@D@std@@V?$allocator@D@2@@std@@PAVObj@@@std@@@2@$0A@@std@@@std@@QAEPAU?$_Tree_node@U?$pair@$$CBV?$basic_string@DU?$char_traits@D@std@@V?$allocator@D@2@@std@@PAVObj@@@std@@PAX@2@XZ 00410430 f i parse.obj
 0001:0000f460       ?_Buynode0@?$_Tree_comp_alloc@V?$_Tmap_traits@V?$basic_string@DU?$char_traits@D@std@@V?$allocator@D@2@@std@@PAVObj@@U?$less@V?$basic_string@DU?$char_traits@D@std@@V?$allocator@D@2@@std@@@2@V?$allocator@U?$pair@$$CBV?$basic_string@DU?$char_traits@D@std@@V?$allocator@D@2@@std@@PAVObj@@@std@@@2@$0A@@std@@@std@@QAEPAU?$_Tree_node@U?$pair@$$CBV?$basic_string@DU?$char_traits@D@std@@V?$allocator@D@2@@std@@PAVObj@@@std@@PAX@2@XZ 00410460 f i parse.obj
 0001:0000f4a0       ?_Destroy_if_not_nil@?$_Tree@V?$_Tmap_traits@V?$basic_string@DU?$char_traits@D@std@@V?$allocator@D@2@@std@@PAVObj@@U?$less@V?$basic_string@DU?$char_traits@D@std@@V?$allocator@D@2@@std@@@2@V?$allocator@U?$pair@$$CBV?$basic_string@DU?$char_traits@D@std@@V?$allocator@D@2@@std@@PAVObj@@@std@@@2@$0A@@std@@@std@@IAEXPAU?$_Tree_node@U?$pair@$$CBV?$basic_string@DU?$char_traits@D@std@@V?$allocator@D@2@@std@@PAVObj@@@std@@PAX@2@@Z 004104a0 f i parse.obj
 0001:0000f4f0       ?_Erase@?$_Tree@V?$_Tmap_traits@V?$basic_string@DU?$char_traits@D@std@@V?$allocator@D@2@@std@@PAVObj@@U?$less@V?$basic_string@DU?$char_traits@D@std@@V?$allocator@D@2@@std@@@2@V?$allocator@U?$pair@$$CBV?$basic_string@DU?$char_traits@D@std@@V?$allocator@D@2@@std@@PAVObj@@@std@@@2@$0A@@std@@@std@@IAEXPAU?$_Tree_node@U?$pair@$$CBV?$basic_string@DU?$char_traits@D@std@@V?$allocator@D@2@@std@@PAVObj@@@std@@PAX@2@@Z 004104f0 f i parse.obj
 0001:0000f580       ?_Freenode0@?$_Tree_comp_alloc@V?$_Tmap_traits@V?$basic_string@DU?$char_traits@D@std@@V?$allocator@D@2@@std@@PAVObj@@U?$less@V?$basic_string@DU?$char_traits@D@std@@V?$allocator@D@2@@std@@@2@V?$allocator@U?$pair@$$CBV?$basic_string@DU?$char_traits@D@std@@V?$allocator@D@2@@std@@PAVObj@@@std@@@2@$0A@@std@@@std@@QAEXPAU?$_Tree_node@U?$pair@$$CBV?$basic_string@DU?$char_traits@D@std@@V?$allocator@D@2@@std@@PAVObj@@@std@@PAX@2@@Z 00410580 f i parse.obj
 0001:0000f5a0       ?_Lrotate@?$_Tree@V?$_Tmap_traits@V?$basic_string@DU?$char_traits@D@std@@V?$allocator@D@2@@std@@PAVObj@@U?$less@V?$basic_string@DU?$char_traits@D@std@@V?$allocator@D@2@@std@@@2@V?$allocator@U?$pair@$$CBV?$basic_string@DU?$char_traits@D@std@@V?$allocator@D@2@@std@@PAVObj@@@std@@@2@$0A@@std@@@std@@IAEXPAU?$_Tree_node@U?$pair@$$CBV?$basic_string@DU?$char_traits@D@std@@V?$allocator@D@2@@std@@PAVObj@@@std@@PAX@2@@Z 004105a0 f i parse.obj
 0001:0000f600       ?_Rrotate@?$_Tree@V?$_Tmap_traits@V?$basic_string@DU?$char_traits@D@std@@V?$allocator@D@2@@std@@PAVObj@@U?$less@V?$basic_string@DU?$char_traits@D@std@@V?$allocator@D@2@@std@@@2@V?$allocator@U?$pair@$$CBV?$basic_string@DU?$char_traits@D@std@@V?$allocator@D@2@@std@@PAVObj@@@std@@@2@$0A@@std@@@std@@IAEXPAU?$_Tree_node@U?$pair@$$CBV?$basic_string@DU?$char_traits@D@std@@V?$allocator@D@2@@std@@PAVObj@@@std@@PAX@2@@Z 00410600 f i parse.obj
 0001:0000f660       ?_Tidy@?$_Tree@V?$_Tmap_traits@V?$basic_string@DU?$char_traits@D@std@@V?$allocator@D@2@@std@@PAVObj@@U?$less@V?$basic_string@DU?$char_traits@D@std@@V?$allocator@D@2@@std@@@2@V?$allocator@U?$pair@$$CBV?$basic_string@DU?$char_traits@D@std@@V?$allocator@D@2@@std@@PAVObj@@@std@@@2@$0A@@std@@@std@@IAEXXZ 00410660 f i parse.obj
 0001:0000f680       ?_Xlength@?$vector@PAVObj@@V?$allocator@PAVObj@@@std@@@std@@CAXXZ 00410680 f i parse.obj
 0001:0000f690       ?allocate@?$allocator@PAVObj@@@std@@QAEPAPAVObj@@I@Z 00410690 f i parse.obj
 0001:0000f8e0       ?erase@?$_Tree@V?$_Tmap_traits@V?$basic_string@DU?$char_traits@D@std@@V?$allocator@D@2@@std@@PAVObj@@U?$less@V?$basic_string@DU?$char_traits@D@std@@V?$allocator@D@2@@std@@@2@V?$allocator@U?$pair@$$CBV?$basic_string@DU?$char_traits@D@std@@V?$allocator@D@2@@std@@PAVObj@@@std@@@2@$0A@@std@@@std@@QAE?AV?$_Tree_iterator@V?$_Tree_val@U?$_Tree_simple_types@U?$pair@$$CBV?$basic_string@DU?$char_traits@D@std@@V?$allocator@D@2@@std@@PAVObj@@@std@@@std@@@std@@@2@V?$_Tree_const_iterator@V?$_Tree_val@U?$_Tree_simple_types@U?$pair@$$CBV?$basic_string@DU?$char_traits@D@std@@V?$allocator@D@2@@std@@PAVObj@@@std@@@std@@@std@@@2@0@Z 004108e0 f i parse.obj
 0001:0000f9d0       ?erase@?$_Tree@V?$_Tmap_traits@V?$basic_string@DU?$char_traits@D@std@@V?$allocator@D@2@@std@@PAVObj@@U?$less@V?$basic_string@DU?$char_traits@D@std@@V?$allocator@D@2@@std@@@2@V?$allocator@U?$pair@$$CBV?$basic_string@DU?$char_traits@D@std@@V?$allocator@D@2@@std@@PAVObj@@@std@@@2@$0A@@std@@@std@@QAE?AV?$_Tree_iterator@V?$_Tree_val@U?$_Tree_simple_types@U?$pair@$$CBV?$basic_string@DU?$char_traits@D@std@@V?$allocator@D@2@@std@@PAVObj@@@std@@@std@@@std@@@2@V?$_Tree_const_iterator@V?$_Tree_val@U?$_Tree_simple_types@U?$pair@$$CBV?$basic_string@DU?$char_traits@D@std@@V?$allocator@D@2@@std@@PAVObj@@@std@@@std@@@std@@@2@@Z 004109d0 f i parse.obj
 0001:0000fcc0       ?getBoolean@BooleanObj@@UBE_NXZ 00410cc0 f i parse.obj
 0001:0000fcd0       ?getBoolean@Obj@@UBE_NXZ   00410cd0 f i parse.obj
 0001:0000fd40       ?getChild@NamedObj@@UBEPAVObj@@XZ 00410d40 f i parse.obj
 0001:0000fd50       ?getChild@Obj@@UBEPAV1@XZ  00410d50 f i parse.obj
 0001:0000fdc0       ?getDict@DictObj@@UBEABV?$map@V?$basic_string@DU?$char_traits@D@std@@V?$allocator@D@2@@std@@PAVObj@@U?$less@V?$basic_string@DU?$char_traits@D@std@@V?$allocator@D@2@@std@@@2@V?$allocator@U?$pair@$$CBV?$basic_string@DU?$char_traits@D@std@@V?$allocator@D@2@@std@@PAVObj@@@std@@@2@@std@@XZ 00410dc0 f i parse.obj
 0001:0000fdd0       ?getDict@Obj@@UBEABV?$map@V?$basic_string@DU?$char_traits@D@std@@V?$allocator@D@2@@std@@PAVObj@@U?$less@V?$basic_string@DU?$char_traits@D@std@@V?$allocator@D@2@@std@@@2@V?$allocator@U?$pair@$$CBV?$basic_string@DU?$char_traits@D@std@@V?$allocator@D@2@@std@@PAVObj@@@std@@@2@@std@@XZ 00410dd0 f i parse.obj
 0001:0000fe40       ?getID@IdObj@@UBE?AV?$basic_string@DU?$char_traits@D@std@@V?$allocator@D@2@@std@@XZ 00410e40 f i parse.obj
 0001:0000fe80       ?getID@Obj@@UBE?AV?$basic_string@DU?$char_traits@D@std@@V?$allocator@D@2@@std@@XZ 00410e80 f i parse.obj
 0001:0000fef0       ?getName@NamedObj@@UBE?AV?$basic_string@DU?$char_traits@D@std@@V?$allocator@D@2@@std@@XZ 00410ef0 f i parse.obj
 0001:0000ff30       ?getName@Obj@@UBE?AV?$basic_string@DU?$char_traits@D@std@@V?$allocator@D@2@@std@@XZ 00410f30 f i parse.obj
 0001:0000ffa0       ?getScalar@Obj@@UBENXZ     00410fa0 f i parse.obj
 0001:00010010       ?getScalar@ScalarObj@@UBENXZ 00411010 f i parse.obj
 0001:00010020       ?getString@Obj@@UBE?AV?$basic_string@DU?$char_traits@D@std@@V?$allocator@D@2@@std@@XZ 00411020 f i parse.obj
 0001:00010090       ?getString@StringObj@@UBE?AV?$basic_string@DU?$char_traits@D@std@@V?$allocator@D@2@@std@@XZ 00411090 f i parse.obj
 0001:000100d0       ?getTuple@Obj@@UBEABV?$vector@PAVObj@@V?$allocator@PAVObj@@@std@@@std@@XZ 004110d0 f i parse.obj
 0001:00010140       ?getTuple@TupleObj@@UBEABV?$vector@PAVObj@@V?$allocator@PAVObj@@@std@@@std@@XZ 00411140 f i parse.obj
 0001:00010150       ?getTypeName@BooleanObj@@UBE?AV?$basic_string@DU?$char_traits@D@std@@V?$allocator@D@2@@std@@XZ 00411150 f i parse.obj
 0001:00010190       ?getTypeName@DictObj@@UBE?AV?$basic_string@DU?$char_traits@D@std@@V?$allocator@D@2@@std@@XZ 00411190 f i parse.obj
 0001:000101d0       ?getTypeName@IdObj@@UBE?AV?$basic_string@DU?$char_traits@D@std@@V?$allocator@D@2@@std@@XZ 004111d0 f i parse.obj
 0001:00010210       ?getTypeName@NamedObj@@UBE?AV?$basic_string@DU?$char_traits@D@std@@V?$allocator@D@2@@std@@XZ 00411210 f i parse.obj
 0001:00010250       ?getTypeName@Obj@@UBE?AV?$basic_string@DU?$char_traits@D@std@@V?$allocator@D@2@@std@@XZ 00411250 f i parse.obj
 0001:00010290       ?getTypeName@ScalarObj@@UBE?AV?$basic_string@DU?$char_traits@D@std@@V?$allocator@D@2@@std@@XZ 00411290 f i parse.obj
 0001:000102d0       ?getTypeName@StringObj@@UBE?AV?$basic_string@DU?$char_traits@D@std@@V?$allocator@D@2@@std@@XZ 004112d0 f i parse.obj
 0001:00010310       ?getTypeName@TupleObj@@UBE?AV?$basic_string@DU?$char_traits@D@std@@V?$allocator@D@2@@std@@XZ 00411310 f i parse.obj
 0001:00010350       ?insert@?$basic_string@DU?$char_traits@D@std@@V?$allocator@D@2@@std@@QAEAAV12@IABV12@II@Z 00411350 f i parse.obj
 0001:000104c0       ?printOn@BooleanObj@@UBEXAAV?$basic_ostream@DU?$char_traits@D@std@@@std@@@Z 004114c0 f i parse.obj
 0001:000104f0       ?printOn@DictObj@@UBEXAAV?$basic_ostream@DU?$char_traits@D@std@@@std@@@Z 004114f0 f i parse.obj
 0001:000105d0       ?printOn@IdObj@@UBEXAAV?$basic_ostream@DU?$char_traits@D@std@@@std@@@Z 004115d0 f i parse.obj
 0001:00010600       ?printOn@NamedObj@@UBEXAAV?$basic_ostream@DU?$char_traits@D@std@@@std@@@Z 00411600 f i parse.obj
 0001:00010640       ?printOn@Obj@@UBEXAAV?$basic_ostream@DU?$char_traits@D@std@@@std@@@Z 00411640 f i parse.obj
 0001:00010650       ?printOn@ScalarObj@@UBEXAAV?$basic_ostream@DU?$char_traits@D@std@@@std@@@Z 00411650 f i parse.obj
 0001:00010670       ?printOn@StringObj@@UBEXAAV?$basic_ostream@DU?$char_traits@D@std@@@std@@@Z 00411670 f i parse.obj
 0001:000106b0       ?printOn@TupleObj@@UBEXAAV?$basic_ostream@DU?$char_traits@D@std@@@std@@@Z 004116b0 f i parse.obj
 0001:00010ae0       ?readFile@@YAPAVObj@@AAV?$basic_istream@DU?$char_traits@D@std@@@std@@@Z 00411ae0 f   parse.obj
 0001:00011250       ??$?8DU?$char_traits@D@std@@V?$allocator@D@1@@std@@YA_NABV?$basic_string@DU?$char_traits@D@std@@V?$allocator@D@2@@0@QBD@Z 00412250 f i read.obj
 0001:00011290       ??$?HDU?$char_traits@D@std@@V?$allocator@D@1@@std@@YA?AV?$basic_string@DU?$char_traits@D@std@@V?$allocator@D@2@@0@$$QAV10@QBD@Z 00412290 f i read.obj
 0001:000112f0       ??$_Buynode@ABQAVGeometry@@@?$_List_buy@PAVGeometry@@V?$allocator@PAVGeometry@@@std@@@std@@QAEPAU?$_List_node@PAVGeometry@@PAX@1@PAU21@0ABQAVGeometry@@@Z 004122f0 f i read.obj
 0001:00011310       ??$_Buynode@ABQAVLight@@@?$_List_buy@PAVLight@@V?$allocator@PAVLight@@@std@@@std@@QAEPAU?$_List_node@PAVLight@@PAX@1@PAU21@0ABQAVLight@@@Z 00412310 f i read.obj
 0001:00011330       ??$_Buynode@ABQAVTransformNode@@@?$_List_buy@PAVTransformNode@@V?$allocator@PAVTransformNode@@@std@@@std@@QAEPAU?$_List_node@PAVTransformNode@@PAX@1@PAU21@0ABQAVTransformNode@@@Z 00412330 f i read.obj
 0001:00011350       ??$_Buynode@ABUpiecewise_construct_t@std@@V?$tuple@ABV?$basic_string@DU?$char_traits@D@std@@V?$allocator@D@2@@std@@@2@V?$tuple@$$V@2@@?$_Tree_comp_alloc@V?$_Tmap_traits@V?$basic_string@DU?$char_traits@D@std@@V?$allocator@D@2@@std@@PAVMaterial@@U?$less@V?$basic_string@DU?$char_traits@D@std@@V?$allocator@D@2@@std@@@2@V?$allocator@U?$pair@$$CBV?$basic_string@DU?$char_traits@D@std@@V?$allocator@D@2@@std@@PAVMaterial@@@std@@@2@$0A@@std@@@std@@QAEPAU?$_Tree_node@U?$pair@$$CBV?$basic_string@DU?$char_traits@D@std@@V?$allocator@D@2@@std@@PAVMaterial@@@std@@PAX@1@ABUpiecewise_construct_t@1@$$QAV?$tuple@ABV?$basic_string@DU?$char_traits@D@std@@V?$allocator@D@2@@std@@@1@$$QAV?$tuple@$$V@1@@Z 00412350 f i read.obj
 0001:00011400       ??$_Insert_at@AAU?$pair@$$CBV?$basic_string@DU?$char_traits@D@std@@V?$allocator@D@2@@std@@PAVMaterial@@@std@@PAU?$_Tree_node@U?$pair@$$CBV?$basic_string@DU?$char_traits@D@std@@V?$allocator@D@2@@std@@PAVMaterial@@@std@@PAX@2@@?$_Tree@V?$_Tmap_traits@V?$basic_string@DU?$char_traits@D@std@@V?$allocator@D@2@@std@@PAVMaterial@@U?$less@V?$basic_string@DU?$char_traits@D@std@@V?$allocator@D@2@@std@@@2@V?$allocator@U?$pair@$$CBV?$basic_string@DU?$char_traits@D@std@@V?$allocator@D@2@@std@@PAVMaterial@@@std@@@2@$0A@@std@@@std@@IAE?AV?$_Tree_iterator@V?$_Tree_val@U?$_Tree_simple_types@U?$pair@$$CBV?$basic_string@DU?$char_traits@D@std@@V?$allocator@D@2@@std@@PAVMaterial@@@std@@@std@@@std@@@1@_NPAU?$_Tree_node@U?$pair@$$CBV?$basic_string@DU?$char_traits@D@std@@V?$allocator@D@2@@std@@PAVMaterial@@@std@@PAX@1@AAU?$pair@$$CBV?$basic_string@DU?$char_traits@D@std@@V?$allocator@D@2@@std@@PAVMaterial@@@1@1@Z 00412400 f i read.obj
[...]
 0003:00002df0       ??_R0?AU?$_InitialTaskHandle@XV<lambda_483208dc91e150c0c9b495b53fd62158>@@U_TypeSelectorNoAsync@details@Concurrency@@@?$task@E@Concurrency@@@8 0049adf0     TraceUI.obj
 0003:00002e88       ??_R0?AU?$_PPLTaskHandle@EU?$_InitialTaskHandle@XV<lambda_483208dc91e150c0c9b495b53fd62158>@@U_TypeSelectorNoAsync@details@Concurrency@@@?$task@E@Concurrency@@U_TaskProcHandle@details@3@@details@Concurrency@@@8 0049ae88     TraceUI.obj
 0003:00002f60       ??_R0?AV?$_Func_impl@V<lambda_855a1ef4dbee54ab7f2f1e055b9bdfad>@@V?$allocator@H@std@@X$$V@std@@@8 0049af60     TraceUI.obj
 0003:00002fc8       ??_R0?AV?$_Func_impl@V<lambda_0ebde0502725cf61f7686a2917d1749f>@@V?$allocator@H@std@@X$$V@std@@@8 0049afc8     TraceUI.obj
 0003:00003030       ??_R0?AV?$_Func_impl@V<lambda_042c6af70ca74ab46830ae50c8c14c9e>@@V?$allocator@H@std@@X$$V@std@@@8 0049b030     TraceUI.obj
 0003:00003098       ??_R0?AV?$_Func_impl@V<lambda_483208dc91e150c0c9b495b53fd62158>@@V?$allocator@H@std@@X$$V@std@@@8 0049b098     TraceUI.obj
 0003:00003ed4       ?done@@3_NA                0049bed4     TraceUI.obj
 0003:00003f38       ?clip_notify_list@@3PAUClipboard_Notify@@A 0049bf38     fltk:Fl.obj
 0003:00003f44       ?clipboard_wnd@@3PAUHWND__@@A 0049bf44     fltk:Fl.obj
 0003:00003f48       ?next_clipboard_wnd@@3PAUHWND__@@A 0049bf48     fltk:Fl.obj
 0003:00003f4c       ?handlers@@3PAUhandler_link@@A 0049bf4c     fltk:Fl.obj
 0003:00003f50       ?s_wsock_mod@@3PAUHINSTANCE__@@A 0049bf50     fltk:Fl.obj
 0003:00003f54       ?s_wsock_select@@3P6GHHPAUfd_set@@00PBUtimeval@@@ZA 0049bf54     fltk:Fl.obj
 0003:00003f58       ?fl_wsk_fd_is_set@@3P6GHIPAUfd_set@@@ZA 0049bf58     fltk:Fl.obj
 0003:00003f84       ?s_imm_module@@3PAUHINSTANCE__@@A 0049bf84     fltk:Fl.obj
 0003:00003f88       ?flImmAssociateContextEx@@3P6GHPAUHWND__@@PAUHIMC__@@K@ZA 0049bf88     fltk:Fl.obj
 0003:00003f8d       ?dnd_flag@@3DA             0049bf8d     fltk:Fl.obj
 0003:00003f90       ?flImmGetContext@@3P6GPAUHIMC__@@PAUHWND__@@@ZA 0049bf90     fltk:Fl.obj
 0003:00003f98       ?flImmSetCompositionWindow@@3P6GHPAUHIMC__@@PAUtagCOMPOSITIONFORM@@@ZA 0049bf98     fltk:Fl.obj
 0003:00003f9c       ?flImmReleaseContext@@3P6GHPAUHWND__@@PAUHIMC__@@@ZA 0049bf9c     fltk:Fl.obj
 0003:00003fa0       ?sys_handlers@@3PAUsystem_handler_link@@A 0049bfa0     fltk:Fl.obj
 0003:00003fa4       ?track_mouse_win@@3PAVFl_Window@@A 0049bfa4     fltk:Fl.obj
 0003:00003fa8       ?maxfd@@3HA                0049bfa8     fltk:Fl.obj
 0003:00003fac       ?nfds@@3HA                 0049bfac     fltk:Fl.obj
 0003:00003fb0       ?fd_array_size@@3HA        0049bfb0     fltk:Fl.obj
 0003:00003fdc       ?fd@@3PAUFD@@A             0049bfdc     fltk:Fl.obj
 0003:0000403c       ?default_big_icon@@3PAUHICON__@@A 0049c03c     fltk:Fl.obj
 0003:00004040       ?default_small_icon@@3PAUHICON__@@A 0049c040     fltk:Fl.obj
 0003:00004044       ?win_DC_list@@3PAUWin_DC_List@@A 0049c044     fltk:Fl.obj
 0003:00004050       ?num_dwidgets@@3HA         0049c050     fltk:Fl.obj
 0003:00004054       ?alloc_dwidgets@@3HA       0049c054     fltk:Fl.obj
 0003:00004058       ?dwidgets@@3PAPAVFl_Widget@@A 0049c058     fltk:Fl.obj
 0003:0000405c       ?widget_watch@@3PAPAPAVFl_Widget@@A 0049c05c     fltk:Fl.obj
 0003:00004060       ?num_widget_watch@@3HA     0049c060     fltk:Fl.obj
 0003:00004064       ?max_widget_watch@@3HA     0049c064     fltk:Fl.obj
 0003:00004070       ?win32_at_exit@@3VFl_Win32_At_Exit@@A 0049c070     fltk:Fl.obj
 0003:00004074       ?fl_gdi_display@@3VFl_Display_Device@@A 0049c074     fltk:Fl.obj
 0003:00004080       ?fl_gdi_driver@@3VFl_GDI_Graphics_Driver@@A 0049c080     fltk:Fl.obj
 0003:00004768       ?first_check@@3PAUCheck@@A 0049c768     fltk:Fl.obj
 0003:0000476c       ?next_check@@3PAUCheck@@A  0049c76c     fltk:Fl.obj
 0003:00004770       ?free_check@@3PAUCheck@@A  0049c770     fltk:Fl.obj
 0003:00004774       ?thread_message_@@3PAXA    0049c774     fltk:Fl.obj
 0003:00004778       ?fdsets@@3PAUfd_set@@A     0049c778     fltk:Fl.obj
 0003:00004a84       ?win32_timers@@3PAUWin32Timer@@A 0049ca84     fltk:Fl.obj
 0003:00004a88       ?win32_timer_alloc@@3HA    0049ca88     fltk:Fl.obj
 0003:00004a8c       ?win32_timer_used@@3HA     0049ca8c     fltk:Fl.obj
 0003:00004a90       ?s_TimerWnd@@3PAUHWND__@@A 0049ca90     fltk:Fl.obj
 0003:00004a94       ?resize_bug_fix@@3PAVFl_Window@@A 0049ca94     fltk:Fl.obj
 0003:00004a98       ?in_idle@?1??fl_wait@@YAHN@Z@4DA 0049ca98     fltk:Fl.obj
 0003:00004a99       ?beenHereDoneThat@?1??fl_open_display@@YAXXZ@4DA 0049ca99     fltk:Fl.obj
 0003:00004a9c       ?px@?1??mouse_event@@YAHPAVFl_Window@@HHIJ@Z@4HA 0049ca9c     fltk:Fl.obj
 0003:00004aa0       ?py@?1??mouse_event@@YAHPAVFl_Window@@HHIJ@Z@4HA 0049caa0     fltk:Fl.obj
 0003:00004aa4       ?pmx@?1??mouse_event@@YAHPAVFl_Window@@HHIJ@Z@4HA 0049caa4     fltk:Fl.obj
 0003:00004aa8       ?pmy@?1??mouse_event@@YAHPAVFl_Window@@HHIJ@Z@4HA 0049caa8     fltk:Fl.obj
 0003:00004ab0       ?vklut@?1??ms2fltk@@YAHIH@Z@4PAGA 0049cab0     fltk:Fl.obj
 0003:00004cb0       ?extendedlut@?1??ms2fltk@@YAHIH@Z@4PAGA 0049ccb0     fltk:Fl.obj
 0003:00004eb0       ?buffer@?DH@??WndProc@@YGJPAUHWND__@@IIJ@Z@4PADA 0049ceb0     fltk:Fl.obj
 0003:000052b0       ?delta@?GG@??WndProc@@YGJPAUHWND__@@IIJ@Z@4HA 0049d2b0     fltk:Fl.obj
 0003:000052b4       ?delta@?GJ@??WndProc@@YGJPAUHWND__@@IIJ@Z@4HA 0049d2b4     fltk:Fl.obj
 0003:000052b8       ?class_name_list@?1??make@Fl_X@@SAPAV2@PAVFl_Window@@@Z@4VNameList@@A 0049d2b8     fltk:Fl.obj
 0003:000052c4       ?$TSS0@?1??make@Fl_X@@SAPAV2@PAVFl_Window@@@Z@4HA 0049d2c4     fltk:Fl.obj
 0003:000052c8       ?first_class_name@?1??make@Fl_X@@SAPAV2@PAVFl_Window@@@Z@4PBDB 0049d2c8     fltk:Fl.obj
 0003:000052cc       ?avoidRecursion@@3DA       0049d2cc     fltk:fl_ask.obj
 0003:000052d4       ?message_form@@3PAVFl_Window@@A 0049d2d4     fltk:fl_ask.obj
 0003:000052d8       ?message@@3PAVFl_Box@@A    0049d2d8     fltk:fl_ask.obj
 0003:000052dc       ?icon@@3PAVFl_Box@@A       0049d2dc     fltk:fl_ask.obj
 0003:000052e0       ?button@@3PAPAVFl_Button@@A 0049d2e0     fltk:fl_ask.obj
 0003:000052ec       ?input@@3PAVFl_Input@@A    0049d2ec     fltk:fl_ask.obj
 0003:000052f0       ?ret_val@@3HA              0049d2f0     fltk:fl_ask.obj
 0003:000052f4       ?message_title_default@@3PBDB 0049d2f4     fltk:fl_ask.obj
 0003:00005308       ?fc@@3PAVFl_File_Chooser@@A 0049d308     fltk:fl_file_dir.obj
 0003:0000530c       ?current_callback@@3P6AXPBD@ZA 0049d30c     fltk:fl_file_dir.obj
 0003:00005310       ?current_label@@3PBDB      0049d310     fltk:fl_file_dir.obj
 0003:00005318       ?retname@?1??fl_file_chooser@@YAPADPBD00H@Z@4PADA 0049d318     fltk:fl_file_dir.obj
 0003:00005b18       ?retname@?1??fl_dir_chooser@@YAPADPBD0H@Z@4PADA 0049db18     fltk:fl_file_dir.obj
 0003:00006318       ?fl_gmi@@3P6GHPAUHMONITOR__@@PAUtagMONITORINFO@@@ZA 0049e318     fltk:screen_xywh.obj
 0003:00006320       ?screens@@3PAUtagRECT@@A   0049e320     fltk:screen_xywh.obj
 0003:00006420       ?work_area@@3PAUtagRECT@@A 0049e420     fltk:screen_xywh.obj
 0003:00006520       ?dpi@@3PAY01MA             0049e520     fltk:screen_xywh.obj
 0003:000065d0       ?main_thread@@3KA          0049e5d0     fltk:Fl_lock.obj
 0003:000065d8       ?measure@@3PAP6AXPBUFl_Label@@AAH1@ZA 0049e5d8     fltk:fl_labeltype.obj
 0003:00006618       ?obj_queue@@3PAPAVFl_Widget@@A 0049e618     fltk:Fl_Widget.obj
 0003:00006668       ?obj_head@@3HA             0049e668     fltk:Fl_Widget.obj
 0003:0000666c       ?obj_tail@@3HA             0049e66c     fltk:Fl_Widget.obj
 0003:0000667c       ?window@@3PAVFl_TooltipBox@@A 0049e67c     fltk:Fl_Tooltip.obj
 0003:00006684       ?tip@@3PBDB                0049e684     fltk:Fl_Tooltip.obj
 0003:00006688       ?Y@@3HA                    0049e688     fltk:Fl_Tooltip.obj
 0003:0000668c       ?H@@3HA                    0049e68c     fltk:Fl_Tooltip.obj
 0003:00006690       ?recent_tooltip@@3DA       0049e690     fltk:Fl_Tooltip.obj
 0003:00006691       ?recursion@@3DA            0049e691     fltk:Fl_Tooltip.obj
 0003:00006692       ?beenhere@?1??set_enter_exit_once_@Fl_Tooltip@@CAXXZ@4DA 0049e692     fltk:Fl_Tooltip.obj
 0003:000072a0       ?tmppen@@3PAXA             0049f2a0     fltk:fl_color.obj
 0003:000072a4       ?savepen@@3PAUHPEN__@@A    0049f2a4     fltk:fl_color.obj
 0003:000072a8       ?xmap@?1??color@Fl_GDI_Graphics_Driver@@UAEXEEE@Z@4UFl_XMap@@A 0049f2a8     fltk:fl_color.obj
 0003:000072b8       ?brushes@?1??fl_brush_action@@YAPAUHBRUSH__@@H@Z@4PAUFl_Brush@?1??1@YAPAU2@H@Z@A 0049f2b8     fltk:fl_color.obj
 0003:00007378       ?beenhere@?1??fl_select_palette@@YAPAUHPALETTE__@@XZ@4DA 0049f378     fltk:fl_color.obj
 0003:0000737c       ?fl_alpha_blend@@3P6GHPAUHDC__@@HHHH0HHHHUFL_BLENDFUNCTION@@@ZA 0049f37c     fltk:Fl_Double_Window.obj
 0003:00007380       ?been_here@?1??fl_can_do_alpha_blending@@YADXZ@4DA 0049f380     fltk:Fl_Double_Window.obj
 0003:00007381       ?can_do@?1??fl_can_do_alpha_blending@@YADXZ@4DA 0049f381     fltk:Fl_Double_Window.obj
 0003:00007434       ?hMod@?1??newUUID@Fl_Preferences@@SAPBDXZ@4PAUHINSTANCE__@@A 0049f434     fltk:Fl_Preferences.obj
 0003:00007444       ?fl_angle_@@3HA            0049f444     fltk:fl_font.obj
 0003:00007448       ?wstr@@3PAGA               0049f448     fltk:fl_font.obj
 0003:0000744c       ?wstr_len@@3HA             0049f44c     fltk:fl_font.obj
 0003:00007450       ?fl_GetGlyphIndices@@3P6GKPAUHDC__@@PB_WHPAGK@ZA 0049f450     fltk:fl_font.obj
 0003:00007454       ?have_loaded_GetGlyphIndices@@3HA 0049f454     fltk:fl_font.obj
 0003:00007458       ?ext_buff@?1??text_extents@Fl_GDI_Graphics_Driver@@UAEXPBDHAAH111@Z@4PAGA 0049f458     fltk:fl_font.obj
 0003:0000745c       ?w_buff@?1??text_extents@Fl_GDI_Graphics_Driver@@UAEXPBDHAAH111@Z@4PAGA 0049f45c     fltk:fl_font.obj
 0003:00007460       ?wc_len@?1??text_extents@Fl_GDI_Graphics_Driver@@UAEXPBDHAAH111@Z@4IA 0049f460     fltk:fl_font.obj
 0003:00007470       ?hMod@?1??draw@Fl_GDI_Printer_Graphics_Driver@@UAEXPAVFl_Pixmap@@HHHHHH@Z@4PAUHINSTANCE__@@A 0049f470     fltk:Fl_Pixmap.obj
 0003:00007474       ?fl_TransparentBlt@?1??draw@Fl_GDI_Printer_Graphics_Driver@@UAEXPAVFl_Pixmap@@HHHHHH@Z@4P6GHPAUHDC__@@HHHH1HHHHI@ZA 0049f474     fltk:Fl_Pixmap.obj
 0003:00007478       ?fl_TransparentBlt@?1??draw@Fl_GDI_Printer_Graphics_Driver@@UAEXPAVFl_Bitmap@@HHHHHH@Z@4P6GHPAUHDC__@@HHHH1HHHHI@ZA 0049f478     fltk:Fl_Bitmap.obj
 0003:0000747c       ?hMod@?1??draw@Fl_GDI_Printer_Graphics_Driver@@UAEXPAVFl_Bitmap@@HHHHHH@Z@4PAUHINSTANCE__@@A 0049f47c     fltk:Fl_Bitmap.obj
 0003:00007480       ?ri@?1??dither@@YAXPAEPBEHH@Z@4HA 0049f480     fltk:fl_draw_image.obj
 0003:00007484       ?gi@?1??dither@@YAXPAEPBEHH@Z@4HA 0049f484     fltk:fl_draw_image.obj
 0003:00007488       ?bi@?1??dither@@YAXPAEPBEHH@Z@4HA 0049f488     fltk:fl_draw_image.obj
 0003:0000748c       ?dir@?1??dither@@YAXPAEPBEHH@Z@4HA 0049f48c     fltk:fl_draw_image.obj
 0003:00007490       ?ri@?1??monodither@@YAXPAEPBEHH@Z@4HA 0049f490     fltk:fl_draw_image.obj
 0003:00007494       ?dir@?1??monodither@@YAXPAEPBEHH@Z@4HA 0049f494     fltk:fl_draw_image.obj
 0003:00007498       ?bmibuffer@?1??innards@@YAXPBEHHHHHHHP6AXPAXHHHPAE@Z1@Z@4PAIA 0049f498     fltk:fl_draw_image.obj
 0003:000078c8       ?buffer@?1??innards@@YAXPBEHHHHHHHP6AXPAXHHHPAE@Z1@Z@4PAIA 0049f8c8     fltk:fl_draw_image.obj
 0003:000078cc       ?buffer_size@?1??innards@@YAXPBEHHHHHHHP6AXPAXHHHPAE@Z1@Z@4JA 0049f8cc     fltk:fl_draw_image.obj
 0003:000078d0       ?line_buffer@?1??innards@@YAXPBEHHHHHHHP6AXPAXHHHPAE@Z1@Z@4PAIA 0049f8d0     fltk:fl_draw_image.obj
 0003:000078d4       ?line_buf_size@?CH@??innards@@YAXPBEHHHHHHHP6AXPAXHHHPAE@Z1@Z@4HA 0049f8d4     fltk:fl_draw_image.obj
 0003:000078e0       ?fl_bg_set@@3DA            0049f8e0     fltk:Fl_get_system_colors.obj
 0003:000078e1       ?fl_bg2_set@@3DA           0049f8e1     fltk:Fl_get_system_colors.obj
 0003:000078e2       ?fl_fg_set@@3DA            0049f8e2     fltk:Fl_get_system_colors.obj
 0003:000078f0       ?tile@@3VFl_Pixmap@@A      0049f8f0     fltk:Fl_get_system_colors.obj
 0003:00007918       ?e@?1??scheme@Fl@@SAHPBD@Z@4PADA 0049f918     fltk:Fl_get_system_colors.obj
 0003:00007d50       ?mbwbuf@@3PA_WA            0049fd50     fltk:fl_utf8.obj
 0003:00007d58       ?buf@@3PADA                0049fd58     fltk:fl_utf8.obj
 0003:00007d5c       ?buf_len@@3HA              0049fd5c     fltk:fl_utf8.obj
 0003:00007d60       ?wbufa@@3PAGA              0049fd60     fltk:fl_utf8.obj
 0003:00007d64       ?wbuf@@3PA_WA              0049fd64     fltk:fl_utf8.obj
 0003:00007d68       ?wbuf1@@3PA_WA             0049fd68     fltk:fl_utf8.obj
 0003:00007d6c       ?table@?1??Toupper@@YAHH@Z@4PAGA 0049fd6c     fltk:fl_utf8.obj
 0003:00007d70       ?buf@?1??fl_utf2mbcs@@9@4PADA 0049fd70     fltk:fl_utf8.obj
 0003:00007d74       ?buf@?1??fl_getenv@@9@4PADA 0049fd74     fltk:fl_utf8.obj
 0003:00007d78       ?wbuf@?1??fl_getcwd@@9@4PA_WA 0049fd78     fltk:fl_utf8.obj
 0003:00007d7c       ?buf@?1??fl_shortcut_label@@YAPBDIPAPBD@Z@4PADA 0049fd7c     fltk:fl_shortcut.obj
 0003:00007db4       ?l_secret@@3HA             0049fdb4     fltk:Fl_Input_.obj
 0003:00007db8       ?undobuffer@@3PADA         0049fdb8     fltk:Fl_Input_.obj
 0003:00007dbc       ?undobufferlength@@3HA     0049fdbc     fltk:Fl_Input_.obj
 0003:00007dc0       ?undowidget@@3PAVFl_Input_@@A 0049fdc0     fltk:Fl_Input_.obj
 0003:00007dc4       ?undoat@@3HA               0049fdc4     fltk:Fl_Input_.obj
 0003:00007dc8       ?undocut@@3HA              0049fdc8     fltk:Fl_Input_.obj
 0003:00007dcc       ?undoinsert@@3HA           0049fdcc     fltk:Fl_Input_.obj
 0003:00007dd0       ?yankcut@@3HA              0049fdd0     fltk:Fl_Input_.obj
 0003:00007dd4       ?legal_fp_chars@@3PBDB     0049fdd4     fltk:Fl_Input.obj
 0003:00007dd8       ?dnd_save_position@?1??handle@Fl_Input@@UAEHH@Z@4HA 0049fdd8     fltk:Fl_Input.obj
 0003:00007ddc       ?dnd_save_mark@?1??handle@Fl_Input@@UAEHH@Z@4HA 0049fddc     fltk:Fl_Input.obj
 0003:00007de0       ?newpos@?1??handle@Fl_Input@@UAEHH@Z@4HA 0049fde0     fltk:Fl_Input.obj
 0003:00007de4       ?dnd_save_focus@?1??handle@Fl_Input@@UAEHH@Z@4PAVFl_Widget@@A 0049fde4     fltk:Fl_Input.obj
 0003:00007dec       ?underline_at@@3PADA       0049fdec     fltk:fl_draw.obj
 0003:00007df0       ?local_buf@?1??expand_text_@@YAPBDPBDAAPADHNAAHAANHH@Z@4PADA 0049fdf0     fltk:fl_draw.obj
 0003:00007df4       ?$TSS0@?1??expand_text_@@YAPBDPBDAAPADHNAAHAANHH@Z@4HA 0049fdf4     fltk:fl_draw.obj
 0003:00007dfc       ?pressed_menu_button_@@3PAVFl_Menu_Button@@A 0049fdfc     fltk:Fl_Menu_Button.obj
 0003:00007e00       ?p@@3PAUmenustate@@A       0049fe00     fltk:Fl_Menu.obj
 0003:00007e04       ?button@@3PBVFl_Menu_@@B   0049fe04     fltk:Fl_Menu.obj
 0003:00007e08       ?dummy@?1??popup@Fl_Menu_Item@@QBEPBU2@HHPBDPBU2@PBVFl_Menu_@@@Z@4U2@A 0049fe08     fltk:Fl_Menu.obj
 0003:00007e2c       ?local_array@@3PAUFl_Menu_Item@@A 0049fe2c     fltk:Fl_Menu_add.obj
 0003:00007e30       ?local_array_alloc@@3HA    0049fe30     fltk:Fl_Menu_add.obj
 0003:00007e34       ?local_array_size@@3HA     0049fe34     fltk:Fl_Menu_add.obj
 0003:00007e38       ?offcenter@?9??handle@Fl_Slider@@IAEHHHHHH@Z@4HA 0049fe38     fltk:Fl_Slider.obj
 0003:00007e3c       ?image_new@@3VFl_Bitmap@@A 0049fe3c     fltk:Fl_File_Chooser.obj
 0003:00007e70       ?pathname@?1??value@Fl_File_Chooser@@QAEPBDH@Z@4PADA 0049fe70     fltk:Fl_File_Chooser2.obj
 0003:00008678       ?ncolors@@3HA              004a0678     fltk:fl_draw_pixmap.obj
 0003:0000867c       ?chars_per_pixel@@3HA      004a067c     fltk:fl_draw_pixmap.obj
 0003:00008680       ?color_count@@3HA          004a0680     fltk:fl_draw_pixmap.obj
 0003:00008684       ?used_colors@@3PAUUsedColor@@A 004a0684     fltk:fl_draw_pixmap.obj
 0003:00008688       ?table@?1??XUtf8Toupper@@9@9 004a0688     fltk:case.obj
 0003:00008690       ?symbols@@3PAUSYMBOL@@A    004a0690     fltk:fl_symbols.obj
 0003:00009074       ?beenhere@?1??fl_init_symbols@@YAXXZ@4DA 004a1074     fltk:fl_symbols.obj
 0003:00009078       ?cursor@?1??set_cursor@@YAXPAVFl_Tile@@W4Fl_Cursor@@@Z@4W43@A 004a1078     fltk:Fl_Tile.obj
 0003:0000907c       ?sdrag@?1??handle@Fl_Tile@@UAEHH@Z@4HA 004a107c     fltk:Fl_Tile.obj
 0003:00009080       ?sdx@?1??handle@Fl_Tile@@UAEHH@Z@4HA 004a1080     fltk:Fl_Tile.obj
 0003:00009084       ?sdy@?1??handle@Fl_Tile@@UAEHH@Z@4HA 004a1084     fltk:Fl_Tile.obj
 0003:00009088       ?sx@?1??handle@Fl_Tile@@UAEHH@Z@4HA 004a1088     fltk:Fl_Tile.obj
 0003:0000908c       ?sy@?1??handle@Fl_Tile@@UAEHH@Z@4HA 004a108c     fltk:Fl_Tile.obj
 0003:00009090       ?change@?1??handle@Fl_Browser_@@UAEHH@Z@4DA 004a1090     fltk:Fl_Browser_.obj
 0003:00009091       ?whichway@?1??handle@Fl_Browser_@@UAEHH@Z@4DA 004a1091     fltk:Fl_Browser_.obj
 0003:00009094       ?py@?1??handle@Fl_Browser_@@UAEHH@Z@4HA 004a1094     fltk:Fl_Browser_.obj
 0003:00009098       ?inButtonBar@?1??handle@Fl_File_Input@@UAEHH@Z@4DA 004a1098     fltk:Fl_File_Input.obj
 0003:000090b8       ?SWAP_TYPE@@3DA            004a10b8     fltkgl:Fl_Gl_Window.obj
 0003:000090c0       ?ortho_context@?DG@??flush@Fl_Gl_Window@@UAEXXZ@4PAUHGLRC__@@A 004a10c0     fltkgl:Fl_Gl_Window.obj
 0003:000090c4       ?ortho_window@?DG@??flush@Fl_Gl_Window@@UAEXXZ@4PAV2@A 004a10c4     fltkgl:Fl_Gl_Window.obj
 0003:000090c8       ?context_list@@3PAPAUHGLRC__@@A 004a10c8     fltkgl:Fl_Gl_Choice.obj
 0003:000090cc       ?nContext@@3HA             004a10cc     fltkgl:Fl_Gl_Choice.obj
 0003:000090d0       ?NContext@@3HA             004a10d0     fltkgl:Fl_Gl_Choice.obj
 0003:000090d4       ?first@@3PAVFl_Gl_Choice@@A 004a10d4     fltkgl:Fl_Gl_Choice.obj
 0003:000090d8       ?cached_context@@3PAUHGLRC__@@A 004a10d8     fltkgl:Fl_Gl_Choice.obj
 0003:000090dc       ?cached_window@@3PAVFl_Window@@A 004a10dc     fltkgl:Fl_Gl_Choice.obj
 0003:000090e4       ?Gl_Device_Plugin@@3VFl_Gl_Device_Plugin@@A 004a10e4     fltkgl:Fl_Gl_Device_Plugin.obj
 0003:000090ec       ?gl_fontsize@@3PAVFl_Font_Descriptor@@A 004a10ec     fltkgl:gl_draw.obj
 0003:000090f0       ?buf@?1??gl_draw@@YAXPBDH@Z@4PA_WA 004a10f0     fltkgl:gl_draw.obj
 0003:000090f4       ?l@?1??gl_draw@@YAXPBDH@Z@4HA 004a10f4     fltkgl:gl_draw.obj
 0003:00009100       ?module_local_atexit_table@@3U_onexit_table_t@@A 004a1100     MSVCRT:utility.obj
 0003:0000910c       ?module_local_at_quick_exit_table@@3U_onexit_table_t@@A 004a110c     MSVCRT:utility.obj
 0003:00009118       ?module_local_atexit_table_initialized@@3_NA 004a1118     MSVCRT:utility.obj
 0003:00009119       ?is_initialized_as_dll@@3_NA 004a1119     MSVCRT:utility.obj
 0003:0000911c       ?_Tss_mutex@@3U_RTL_CRITICAL_SECTION@@A 004a111c     MSVCRT:thread_safe_statics.obj
 0003:00009134       ?_Tss_cv@@3U_RTL_CONDITION_VARIABLE@@A 004a1134     MSVCRT:thread_safe_statics.obj
 0003:00009138       ?_Tss_event@@3PAXA         004a1138     MSVCRT:thread_safe_statics.obj
 0003:0000913c       ?encoded_sleep_condition_variable_cs@@3P6GHPAU_RTL_CONDITION_VARIABLE@@PAU_RTL_CRITICAL_SECTION@@K@ZA 004a113c     MSVCRT:thread_safe_statics.obj
 0003:00009140       ?encoded_wake_all_condition_variable@@3P6GXPAU_RTL_CONDITION_VARIABLE@@@ZA 004a1140     MSVCRT:thread_safe_statics.obj
 0003:00009148       _GS_ExceptionRecord        004a1148     MSVCRT:gs_report.obj
 0003:00009198       _GS_ContextRecord          004a1198     MSVCRT:gs_report.obj
 0003:00009478       ?_Fac_head@std@@3PAU_Fac_node@1@A 004a1478     msvcprt:locale0_implib.obj
 0003:0000947c       ?_Fac_tidy_reg@std@@3U_Fac_tidy_reg_t@1@B 004a147c     msvcprt:locale0_implib.obj
 0003:00009480       ?mbwbuf@?1??mbcs2utf@@9@9  004a1480     fltk:fl_call_main.obj
 0005:00000060       $R000000                   004a3060     * linker generated manifest res *
